Component: ARM Compiler 5.06 update 6 (build 750) Tool: armlink [4d35ed]

==============================================================================

Section Cross References

    main.o(i.SysTick_Handler) refers to main.o(.data) for millis_tick
    main.o(i.main) refers to delay.o(i.delay_init) for delay_init
    main.o(i.main) refers to tim.o(i.TIM3_Init) for TIM3_Init
    main.o(i.main) refers to adc_ldr.o(i.ADC1_Init) for ADC1_Init
    main.o(i.main) refers to dht11.o(i.dht11_init) for dht11_init
    main.o(i.main) refers to oled.o(i.OLED_Init) for OLED_Init
    main.o(i.main) refers to oled.o(i.OLED_Clear) for OLED_Clear
    main.o(i.main) refers to delay.o(i.delay_ms) for delay_ms
    main.o(i.main) refers to led_rgb.o(i.LED_RGB_Init) for LED_RGB_Init
    main.o(i.main) refers to beep.o(i.BEEP_Init) for BEEP_Init
    main.o(i.main) refers to servo.o(i.Servo_init) for Servo_init
    main.o(i.main) refers to w25qxx.o(i.W25QXX_Init) for W25QXX_Init
    main.o(i.main) refers to esp8266.o(i.System_Init) for System_Init
    main.o(i.main) refers to esp8266.o(i.USART_MyInit) for USART_MyInit
    main.o(i.main) refers to esp8266.o(i.ESP_ConnectWiFi) for ESP_ConnectWiFi
    main.o(i.main) refers to esp8266.o(i.ESP_ConnectServer) for ESP_ConnectServer
    main.o(i.main) refers to adc_ldr.o(i.ADC_GetLight) for ADC_GetLight
    main.o(i.main) refers to log.o(i.Log_TriggerSave) for Log_TriggerSave
    main.o(i.main) refers to alarm.o(i.Alarm_Check) for Alarm_Check
    main.o(i.main) refers to led_rgb.o(i.LED_Alarm_Control) for LED_Alarm_Control
    main.o(i.main) refers to beep.o(i.BEEP_Alarm_Control) for BEEP_Alarm_Control
    main.o(i.main) refers to servo.o(i.Servo_Link_Alarm) for Servo_Link_Alarm
    main.o(i.main) refers to oled.o(i.OLED_Clear_Area) for OLED_Clear_Area
    main.o(i.main) refers to oled.o(i.OLED_ShowString) for OLED_ShowString
    main.o(i.main) refers to oled.o(i.OLED_ShowNum_size) for OLED_ShowNum_size
    main.o(i.main) refers to oled.o(i.OLED_ShowChar) for OLED_ShowChar
    main.o(i.main) refers to dht11.o(i.DHT11_ReadData) for DHT11_ReadData
    main.o(i.main) refers to esp8266.o(i.ESP_ProcessReceivedData) for ESP_ProcessReceivedData
    main.o(i.main) refers to memseta.o(.text) for __aeabi_memclr
    main.o(i.main) refers to usart1.o(i.USART1_ParseCmd) for USART1_ParseCmd
    main.o(i.main) refers to system_stm32f10x.o(.data) for SystemCoreClock
    main.o(i.main) refers to sys_data.o(.data) for sys_data
    main.o(i.main) refers to esp8266.o(.data) for esp_cmd_complete
    main.o(i.main) refers to esp8266.o(.bss) for esp_rx_buffer
    main.o(i.main) refers to usart1.o(.data) for usart1_rx_complete
    led.o(i.led_init) refers to stm32f10x_rcc.o(i.RCC_APB2PeriphClockCmd) for RCC_APB2PeriphClockCmd
    led.o(i.led_init) refers to stm32f10x_gpio.o(i.GPIO_Init) for GPIO_Init
    led.o(i.led_init) refers to stm32f10x_gpio.o(i.GPIO_SetBits) for GPIO_SetBits
    led.o(i.led_off) refers to stm32f10x_gpio.o(i.GPIO_SetBits) for GPIO_SetBits
    led.o(i.led_on) refers to stm32f10x_gpio.o(i.GPIO_ResetBits) for GPIO_ResetBits
    delay.o(i.delay_init) refers to misc.o(i.SysTick_CLKSourceConfig) for SysTick_CLKSourceConfig
    delay.o(i.delay_init) refers to delay.o(.data) for fac_us
    delay.o(i.delay_ms) refers to delay.o(i.delay_us) for delay_us
    delay.o(i.delay_us) refers to delay.o(.data) for fac_us
    printf.o(i.fputc) refers to stm32f10x_usart.o(i.USART_SendData) for USART_SendData
    printf.o(i.fputc) refers to stm32f10x_usart.o(i.USART_GetFlagStatus) for USART_GetFlagStatus
    printf.o(i.printf_init) refers to stm32f10x_rcc.o(i.RCC_APB2PeriphClockCmd) for RCC_APB2PeriphClockCmd
    printf.o(i.printf_init) refers to stm32f10x_gpio.o(i.GPIO_Init) for GPIO_Init
    printf.o(i.printf_init) refers to stm32f10x_usart.o(i.USART_Init) for USART_Init
    printf.o(i.printf_init) refers to stm32f10x_usart.o(i.USART_Cmd) for USART_Cmd
    tim.o(i.TIM3_IRQHandler) refers to stm32f10x_tim.o(i.TIM_GetITStatus) for TIM_GetITStatus
    tim.o(i.TIM3_IRQHandler) refers to stm32f10x_tim.o(i.TIM_ClearITPendingBit) for TIM_ClearITPendingBit
    tim.o(i.TIM3_IRQHandler) refers to tim.o(.data) for cnt_100ms
    tim.o(i.TIM3_IRQHandler) refers to sys_data.o(.data) for sys_data
    tim.o(i.TIM3_Init) refers to stm32f10x_rcc.o(i.RCC_APB1PeriphClockCmd) for RCC_APB1PeriphClockCmd
    tim.o(i.TIM3_Init) refers to stm32f10x_tim.o(i.TIM_TimeBaseInit) for TIM_TimeBaseInit
    tim.o(i.TIM3_Init) refers to stm32f10x_tim.o(i.TIM_ITConfig) for TIM_ITConfig
    tim.o(i.TIM3_Init) refers to misc.o(i.NVIC_Init) for NVIC_Init
    tim.o(i.TIM3_Init) refers to stm32f10x_tim.o(i.TIM_Cmd) for TIM_Cmd
    alarm.o(i.Alarm_Check) refers to alarm.o(.data) for intrude_lock
    alarm.o(i.Alarm_Check) refers to sys_data.o(.data) for sys_data
    alarm.o(i.Alarm_RemoteOff) refers to alarm.o(.data) for intrude_lock
[...]
    Removing stm32f10x_spi.o(.rev16_text), (4 bytes).
    Removing stm32f10x_spi.o(.revsh_text), (4 bytes).
    Removing stm32f10x_spi.o(.rrx_text), (6 bytes).
    Removing stm32f10x_spi.o(i.I2S_Cmd), (24 bytes).
    Removing stm32f10x_spi.o(i.I2S_Init), (232 bytes).
    Removing stm32f10x_spi.o(i.I2S_StructInit), (20 bytes).
    Removing stm32f10x_spi.o(i.SPI_BiDirectionalLineConfig), (28 bytes).
    Removing stm32f10x_spi.o(i.SPI_CalculateCRC), (24 bytes).
    Removing stm32f10x_spi.o(i.SPI_Cmd), (24 bytes).
    Removing stm32f10x_spi.o(i.SPI_DataSizeConfig), (18 bytes).
    Removing stm32f10x_spi.o(i.SPI_GetCRC), (16 bytes).
    Removing stm32f10x_spi.o(i.SPI_GetCRCPolynomial), (6 bytes).
    Removing stm32f10x_spi.o(i.SPI_I2S_ClearFlag), (6 bytes).
    Removing stm32f10x_spi.o(i.SPI_I2S_ClearITPendingBit), (20 bytes).
    Removing stm32f10x_spi.o(i.SPI_I2S_DMACmd), (18 bytes).
    Removing stm32f10x_spi.o(i.SPI_I2S_DeInit), (88 bytes).
    Removing stm32f10x_spi.o(i.SPI_I2S_GetFlagStatus), (18 bytes).
    Removing stm32f10x_spi.o(i.SPI_I2S_GetITStatus), (52 bytes).
    Removing stm32f10x_spi.o(i.SPI_I2S_ITConfig), (32 bytes).
    Removing stm32f10x_spi.o(i.SPI_I2S_ReceiveData), (6 bytes).
    Removing stm32f10x_spi.o(i.SPI_I2S_SendData), (4 bytes).
    Removing stm32f10x_spi.o(i.SPI_Init), (60 bytes).
    Removing stm32f10x_spi.o(i.SPI_NSSInternalSoftwareConfig), (30 bytes).
    Removing stm32f10x_spi.o(i.SPI_SSOutputCmd), (24 bytes).
    Removing stm32f10x_spi.o(i.SPI_StructInit), (24 bytes).
    Removing stm32f10x_spi.o(i.SPI_TransmitCRC), (10 bytes).
    Removing stm32f10x_tim.o(.rev16_text), (4 bytes).
    Removing stm32f10x_tim.o(.revsh_text), (4 bytes).
    Removing stm32f10x_tim.o(.rrx_text), (6 bytes).
    Removing stm32f10x_tim.o(i.TI1_Config), (128 bytes).
    Removing stm32f10x_tim.o(i.TI2_Config), (152 bytes).
    Removing stm32f10x_tim.o(i.TI3_Config), (144 bytes).
    Removing stm32f10x_tim.o(i.TI4_Config), (152 bytes).
    Removing stm32f10x_tim.o(i.TIM_BDTRConfig), (32 bytes).
    Removing stm32f10x_tim.o(i.TIM_BDTRStructInit), (18 bytes).
    Removing stm32f10x_tim.o(i.TIM_CCPreloadControl), (24 bytes).
    Removing stm32f10x_tim.o(i.TIM_CCxCmd), (30 bytes).
    Removing stm32f10x_tim.o(i.TIM_CCxNCmd), (30 bytes).
    Removing stm32f10x_tim.o(i.TIM_ClearOC1Ref), (18 bytes).
    Removing stm32f10x_tim.o(i.TIM_ClearOC2Ref), (24 bytes).
    Removing stm32f10x_tim.o(i.TIM_ClearOC3Ref), (18 bytes).
    Removing stm32f10x_tim.o(i.TIM_ClearOC4Ref), (24 bytes).
    Removing stm32f10x_tim.o(i.TIM_CounterModeConfig), (18 bytes).
    Removing stm32f10x_tim.o(i.TIM_DMACmd), (18 bytes).
    Removing stm32f10x_tim.o(i.TIM_DMAConfig), (10 bytes).
    Removing stm32f10x_tim.o(i.TIM_DeInit), (488 bytes).
    Removing stm32f10x_tim.o(i.TIM_ETRClockMode1Config), (54 bytes).
    Removing stm32f10x_tim.o(i.TIM_ETRClockMode2Config), (32 bytes).
    Removing stm32f10x_tim.o(i.TIM_ETRConfig), (28 bytes).
    Removing stm32f10x_tim.o(i.TIM_EncoderInterfaceConfig), (66 bytes).
    Removing stm32f10x_tim.o(i.TIM_ForcedOC1Config), (18 bytes).
    Removing stm32f10x_tim.o(i.TIM_ForcedOC2Config), (26 bytes).
    Removing stm32f10x_tim.o(i.TIM_ForcedOC3Config), (18 bytes).
    Removing stm32f10x_tim.o(i.TIM_ForcedOC4Config), (26 bytes).
    Removing stm32f10x_tim.o(i.TIM_GenerateEvent), (4 bytes).
    Removing stm32f10x_tim.o(i.TIM_GetCapture1), (6 bytes).
    Removing stm32f10x_tim.o(i.TIM_GetCapture2), (6 bytes).
    Removing stm32f10x_tim.o(i.TIM_GetCapture3), (6 bytes).
    Removing stm32f10x_tim.o(i.TIM_GetCapture4), (8 bytes).
    Removing stm32f10x_tim.o(i.TIM_GetCounter), (6 bytes).
    Removing stm32f10x_tim.o(i.TIM_GetFlagStatus), (18 bytes).
    Removing stm32f10x_tim.o(i.TIM_GetPrescaler), (6 bytes).
    Removing stm32f10x_tim.o(i.TIM_ICInit), (172 bytes).
    Removing stm32f10x_tim.o(i.TIM_ICStructInit), (18 bytes).
    Removing stm32f10x_tim.o(i.TIM_ITRxExternalClockConfig), (24 bytes).
    Removing stm32f10x_tim.o(i.TIM_InternalClockConfig), (12 bytes).
    Removing stm32f10x_tim.o(i.TIM_OC1FastConfig), (18 bytes).
    Removing stm32f10x_tim.o(i.TIM_OC1NPolarityConfig), (18 bytes).
    Removing stm32f10x_tim.o(i.TIM_OC1PolarityConfig), (18 bytes).
    Removing stm32f10x_tim.o(i.TIM_OC2FastConfig), (26 bytes).
    Removing stm32f10x_tim.o(i.TIM_OC2NPolarityConfig), (26 bytes).
    Removing stm32f10x_tim.o(i.TIM_OC2PolarityConfig), (26 bytes).
    Removing stm32f10x_tim.o(i.TIM_OC3FastConfig), (18 bytes).
    Removing stm32f10x_tim.o(i.TIM_OC3Init), (160 bytes).
    Removing stm32f10x_tim.o(i.TIM_OC3NPolarityConfig), (26 bytes).
    Removing stm32f10x_tim.o(i.TIM_OC3PolarityConfig), (26 bytes).
    Removing stm32f10x_tim.o(i.TIM_OC3PreloadConfig), (18 bytes).
    Removing stm32f10x_tim.o(i.TIM_OC4FastConfig), (26 bytes).
    Removing stm32f10x_tim.o(i.TIM_OC4Init), (124 bytes).
    Removing stm32f10x_tim.o(i.TIM_OC4PolarityConfig), (26 bytes).
    Removing stm32f10x_tim.o(i.TIM_OC4PreloadConfig), (26 bytes).
    Removing stm32f10x_tim.o(i.TIM_OCStructInit), (20 bytes).
    Removing stm32f10x_tim.o(i.TIM_PWMIConfig), (124 bytes).
    Removing stm32f10x_tim.o(i.TIM_PrescalerConfig), (6 bytes).
    Removing stm32f10x_tim.o(i.TIM_SelectCCDMA), (24 bytes).
    Removing stm32f10x_tim.o(i.TIM_SelectCOM), (24 bytes).
    Removing stm32f10x_tim.o(i.TIM_SelectHallSensor), (24 bytes).
    Removing stm32f10x_tim.o(i.TIM_SelectInputTrigger), (18 bytes).
    Removing stm32f10x_tim.o(i.TIM_SelectMasterSlaveMode), (18 bytes).
    Removing stm32f10x_tim.o(i.TIM_SelectOCxM), (82 bytes).
    Removing stm32f10x_tim.o(i.TIM_SelectOnePulseMode), (18 bytes).
    Removing stm32f10x_tim.o(i.TIM_SelectOutputTrigger), (18 bytes).
    Removing stm32f10x_tim.o(i.TIM_SelectSlaveMode), (18 bytes).
    Removing stm32f10x_tim.o(i.TIM_SetAutoreload), (4 bytes).
    Removing stm32f10x_tim.o(i.TIM_SetClockDivision), (18 bytes).
    Removing stm32f10x_tim.o(i.TIM_SetCompare1), (4 bytes).
    Removing stm32f10x_tim.o(i.TIM_SetCompare3), (4 bytes).
    Removing stm32f10x_tim.o(i.TIM_SetCompare4), (6 bytes).
    Removing stm32f10x_tim.o(i.TIM_SetCounter), (4 bytes).
    Removing stm32f10x_tim.o(i.TIM_SetIC1Prescaler), (18 bytes).
    Removing stm32f10x_tim.o(i.TIM_SetIC2Prescaler), (26 bytes).
    Removing stm32f10x_tim.o(i.TIM_SetIC3Prescaler), (18 bytes).
    Removing stm32f10x_tim.o(i.TIM_SetIC4Prescaler), (26 bytes).
    Removing stm32f10x_tim.o(i.TIM_TIxExternalClockConfig), (62 bytes).
    Removing stm32f10x_tim.o(i.TIM_TimeBaseStructInit), (18 bytes).
    Removing stm32f10x_tim.o(i.TIM_UpdateDisableConfig), (24 bytes).
    Removing stm32f10x_tim.o(i.TIM_UpdateRequestConfig), (24 bytes).
    Removing stm32f10x_usart.o(.rev16_text), (4 bytes).
    Removing stm32f10x_usart.o(.revsh_text), (4 bytes).
    Removing stm32f10x_usart.o(.rrx_text), (6 bytes).
    Removing stm32f10x_usart.o(i.USART_ClockInit), (34 bytes).
    Removing stm32f10x_usart.o(i.USART_ClockStructInit), (12 bytes).
    Removing stm32f10x_usart.o(i.USART_DMACmd), (18 bytes).
    Removing stm32f10x_usart.o(i.USART_DeInit), (156 bytes).
    Removing stm32f10x_usart.o(i.USART_HalfDuplexCmd), (24 bytes).
    Removing stm32f10x_usart.o(i.USART_IrDACmd), (24 bytes).
    Removing stm32f10x_usart.o(i.USART_IrDAConfig), (18 bytes).
    Removing stm32f10x_usart.o(i.USART_LINBreakDetectLengthConfig), (18 bytes).
    Removing stm32f10x_usart.o(i.USART_LINCmd), (24 bytes).
    Removing stm32f10x_usart.o(i.USART_OneBitMethodCmd), (24 bytes).
    Removing stm32f10x_usart.o(i.USART_OverSampling8Cmd), (22 bytes).
    Removing stm32f10x_usart.o(i.USART_ReceiverWakeUpCmd), (24 bytes).
    Removing stm32f10x_usart.o(i.USART_SendBreak), (10 bytes).
    Removing stm32f10x_usart.o(i.USART_SetAddress), (18 bytes).
    Removing stm32f10x_usart.o(i.USART_SetGuardTime), (16 bytes).
    Removing stm32f10x_usart.o(i.USART_SetPrescaler), (16 bytes).
    Removing stm32f10x_usart.o(i.USART_SmartCardCmd), (24 bytes).
    Removing stm32f10x_usart.o(i.USART_SmartCardNACKCmd), (24 bytes).
    Removing stm32f10x_usart.o(i.USART_StructInit), (24 bytes).
    Removing stm32f10x_usart.o(i.USART_WakeUpConfig), (18 bytes).
    Removing startup_stm32f10x_md.o(HEAP), (512 bytes).
    Removing system_stm32f10x.o(.rev16_text), (4 bytes).
    Removing system_stm32f10x.o(.revsh_text), (4 bytes).
    Removing system_stm32f10x.o(.rrx_text), (6 bytes).
    Removing dadd.o(.text), (334 bytes).
    Removing dmul.o(.text), (228 bytes).
    Removing ddiv.o(.text), (222 bytes).
    Removing dfixul.o(.text), (48 bytes).
    Removing cdrcmple.o(.text), (48 bytes).
    Removing depilogue.o(.text), (186 bytes).

338 unused section(s) (total 15354 bytes) removed from the image.

==============================================================================

Image Symbol Table

    Local Symbols

    Symbol Name                              Value     Ov Type        Size  Object(Section)

    ../clib/microlib/ctype/ctype.c           0x00000000   Number         0  ctype_o.o ABSOLUTE
    ../clib/microlib/ctype/ctype.c           0x00000000   Number         0  isalnum_o.o ABSOLUTE
    ../clib/microlib/ctype/ctype.c           0x00000000   Number         0  isalpha_o.o ABSOLUTE
    ../clib/microlib/ctype/ctype.c           0x00000000   Number         0  isblank_o.o ABSOLUTE
    ../clib/microlib/ctype/ctype.c           0x00000000   Number         0  iscntrl_o.o ABSOLUTE
    ../clib/microlib/ctype/ctype.c           0x00000000   Number         0  isdigit_o.o ABSOLUTE
    ../clib/microlib/ctype/ctype.c           0x00000000   Number         0  isgraph_o.o ABSOLUTE
    ../clib/microlib/ctype/ctype.c           0x00000000   Number         0  islower_o.o ABSOLUTE
    ../clib/microlib/ctype/ctype.c           0x00000000   Number         0  isprint_o.o ABSOLUTE
    ../clib/microlib/ctype/ctype.c           0x00000000   Number         0  ispunct_o.o ABSOLUTE
    ../clib/microlib/ctype/ctype.c           0x00000000   Number         0  isspace_o.o ABSOLUTE
    ../clib/microlib/ctype/ctype.c           0x00000000   Number         0  isupper_o.o ABSOLUTE
    ../clib/microlib/ctype/ctype.c           0x00000000   Number         0  isxdigit_o.o ABSOLUTE
    ../clib/microlib/division.c              0x00000000   Number         0  uldiv.o ABSOLUTE
    ../clib/microlib/division.c              0x00000000   Number         0  uidiv.o ABSOLUTE
    ../clib/microlib/errno.c                 0x00000000   Number         0  errno.o ABSOLUTE
    ../clib/microlib/init/entry.s            0x00000000   Number         0  entry9b.o ABSOLUTE
    ../clib/microlib/init/entry.s            0x00000000   Number         0  entry8a.o ABSOLUTE
    ../clib/microlib/init/entry.s            0x00000000   Number         0  entry10b.o ABSOLUTE
    ../clib/microlib/init/entry.s            0x00000000   Number         0  entry.o ABSOLUTE
    ../clib/microlib/init/entry.s            0x00000000   Number         0  entry8b.o ABSOLUTE
    ../clib/microlib/init/entry.s            0x00000000   Number         0  entry9a.o ABSOLUTE
    ../clib/microlib/init/entry.s            0x00000000   Number         0  entry10a.o ABSOLUTE
    ../clib/microlib/init/entry.s            0x00000000   Number         0  entry11b.o ABSOLUTE
    ../clib/microlib/init/entry.s            0x00000000   Number         0  entry11a.o ABSOLUTE
    ../clib/microlib/init/entry.s            0x00000000   Number         0  entry2.o ABSOLUTE
    ../clib/microlib/init/entry.s            0x00000000   Number         0  entry5.o ABSOLUTE
    ../clib/microlib/init/entry.s            0x00000000   Number         0  entry7a.o ABSOLUTE
    ../clib/microlib/init/entry.s            0x00000000   Number         0  entry7b.o ABSOLUTE
    ../clib/microlib/longlong.c              0x00000000   Number         0  llshl.o ABSOLUTE
    ../clib/microlib/longlong.c              0x00000000   Number         0  llsshr.o ABSOLUTE
    ../clib/microlib/longlong.c              0x00000000   Number         0  llushr.o ABSOLUTE
    ../clib/microlib/printf/printf.c         0x00000000   Number         0  printf4.o ABSOLUTE
    ../clib/microlib/printf/printf.c         0x00000000   Number         0  printf7.o ABSOLUTE
    ../clib/microlib/printf/printf.c         0x00000000   Number         0  printf6.o ABSOLUTE
    ../clib/microlib/printf/printf.c         0x00000000   Number         0  printf5.o ABSOLUTE
    ../clib/microlib/printf/printf.c         0x00000000   Number         0  printf2.o ABSOLUTE
    ../clib/microlib/printf/printf.c         0x00000000   Number         0  printfb.o ABSOLUTE
    ../clib/microlib/printf/printf.c         0x00000000   Number         0  printf0.o ABSOLUTE
    ../clib/microlib/printf/printf.c         0x00000000   Number         0  printf3.o ABSOLUTE
    ../clib/microlib/printf/printf.c         0x00000000   Number         0  printf1.o ABSOLUTE
    ../clib/microlib/printf/printf.c         0x00000000   Number         0  printfa.o ABSOLUTE
    ../clib/microlib/printf/printf.c         0x00000000   Number         0  printf8.o ABSOLUTE
    ../clib/microlib/printf/stubs.s          0x00000000   Number         0  stubs.o ABSOLUTE
    ../clib/microlib/stdio/streams.c         0x00000000   Number         0  stdout.o ABSOLUTE
    ../clib/microlib/string/memcpy.c         0x00000000   Number         0  memcpya.o ABSOLUTE
    ../clib/microlib/string/memcpy.c         0x00000000   Number         0  memcpyb.o ABSOLUTE
    ../clib/microlib/string/memset.c         0x00000000   Number         0  memseta.o ABSOLUTE
    ../clib/microlib/string/strchr.c         0x00000000   Number         0  strchr.o ABSOLUTE
    ../clib/microlib/string/strlen.c         0x00000000   Number         0  strlen.o ABSOLUTE
    ../clib/microlib/string/strncpy.c        0x00000000   Number         0  strncpy.o ABSOLUTE
    ../clib/microlib/string/strstr.c         0x00000000   Number         0  strstr.o ABSOLUTE
    ../clib/microlib/stubs.s                 0x00000000   Number         0  iusefp.o ABSOLUTE
    ../clib/scanf.c                          0x00000000   Number         0  _chval.o ABSOLUTE
    ../clib/scanf.c                          0x00000000   Number         0  _strtoul.o ABSOLUTE
    ../clib/scanf.c                          0x00000000   Number         0  strtol.o ABSOLUTE
    ../clib/scanf.c                          0x00000000   Number         0  atoi.o ABSOLUTE
    ../fplib/microlib/fpadd.c                0x00000000   Number         0  dadd.o ABSOLUTE
    ../fplib/microlib/fpdiv.c                0x00000000   Number         0  ddiv.o ABSOLUTE
    ../fplib/microlib/fpepilogue.c           0x00000000   Number         0  depilogue.o ABSOLUTE
    ../fplib/microlib/fpfix.c                0x00000000   Number         0  dfixul.o ABSOLUTE
    ../fplib/microlib/fpmul.c                0x00000000   Number         0  dmul.o ABSOLUTE
    D:\\keil5arm\\Keil\\STM32F1xx_DFP\\2.4.1\\Device\\StdPeriph_Driver\\src\\misc.c 0x00000000   Number         0  misc.o ABSOLUTE
    D:\\keil5arm\\Keil\\STM32F1xx_DFP\\2.4.1\\Device\\StdPeriph_Driver\\src\\stm32f10x_adc.c 0x00000000   Number         0  stm32f10x_adc.o ABSOLUTE
    D:\\keil5arm\\Keil\\STM32F1xx_DFP\\2.4.1\\Device\\StdPeriph_Driver\\src\\stm32f10x_exti.c 0x00000000   Number         0  stm32f10x_exti.o ABSOLUTE
    D:\\keil5arm\\Keil\\STM32F1xx_DFP\\2.4.1\\Device\\StdPeriph_Driver\\src\\stm32f10x_gpio.c 0x00000000   Number         0  stm32f10x_gpio.o ABSOLUTE
    D:\\keil5arm\\Keil\\STM32F1xx_DFP\\2.4.1\\Device\\StdPeriph_Driver\\src\\stm32f10x_i2c.c 0x00000000   Number         0  stm32f10x_i2c.o ABSOLUTE
    D:\\keil5arm\\Keil\\STM32F1xx_DFP\\2.4.1\\Device\\StdPeriph_Driver\\src\\stm32f10x_rcc.c 0x00000000   Number         0  stm32f10x_rcc.o ABSOLUTE
    D:\\keil5arm\\Keil\\STM32F1xx_DFP\\2.4.1\\Device\\StdPeriph_Driver\\src\\stm32f10x_spi.c 0x00000000   Number         0  stm32f10x_spi.o ABSOLUTE
    D:\\keil5arm\\Keil\\STM32F1xx_DFP\\2.4.1\\Device\\StdPeriph_Driver\\src\\stm32f10x_tim.c 0x00000000   Number         0  stm32f10x_tim.o ABSOLUTE
    D:\\keil5arm\\Keil\\STM32F1xx_DFP\\2.4.1\\Device\\StdPeriph_Driver\\src\\stm32f10x_usart.c 0x00000000   Number         0  stm32f10x_usart.o ABSOLUTE
    D:\keil5arm\Keil\STM32F1xx_DFP\2.4.1\Device\StdPeriph_Driver\src\misc.c 0x00000000   Number         0  misc.o ABSOLUTE
    D:\keil5arm\Keil\STM32F1xx_DFP\2.4.1\Device\StdPeriph_Driver\src\stm32f10x_adc.c 0x00000000   Number         0  stm32f10x_adc.o ABSOLUTE
    D:\keil5arm\Keil\STM32F1xx_DFP\2.4.1\Device\StdPeriph_Driver\src\stm32f10x_exti.c 0x00000000   Number         0  stm32f10x_exti.o ABSOLUTE
    D:\keil5arm\Keil\STM32F1xx_DFP\2.4.1\Device\StdPeriph_Driver\src\stm32f10x_gpio.c 0x00000000   Number         0  stm32f10x_gpio.o ABSOLUTE
    D:\keil5arm\Keil\STM32F1xx_DFP\2.4.1\Device\StdPeriph_Driver\src\stm32f10x_i2c.c 0x00000000   Number         0  stm32f10x_i2c.o ABSOLUTE
    D:\keil5arm\Keil\STM32F1xx_DFP\2.4.1\Device\StdPeriph_Driver\src\stm32f10x_rcc.c 0x00000000   Number         0  stm32f10x_rcc.o ABSOLUTE
    D:\keil5arm\Keil\STM32F1xx_DFP\2.4.1\Device\StdPeriph_Driver\src\stm32f10x_spi.c 0x00000000   Number         0  stm32f10x_spi.o ABSOLUTE
    D:\keil5arm\Keil\STM32F1xx_DFP\2.4.1\Device\StdPeriph_Driver\src\stm32f10x_tim.c 0x00000000   Number         0  stm32f10x_tim.o ABSOLUTE
    D:\keil5arm\Keil\STM32F1xx_DFP\2.4.1\Device\StdPeriph_Driver\src\stm32f10x_usart.c 0x00000000   Number         0  stm32f10x_usart.o ABSOLUTE
    HARDWARE\Servo\Servo.c                   0x00000000   Number         0  servo.o ABSOLUTE
    HARDWARE\\Servo\\Servo.c                 0x00000000   Number         0  servo.o ABSOLUTE
    HARDWARE\\adc\\adc_ldr.c                 0x00000000   Number         0  adc_ldr.o ABSOLUTE
    HARDWARE\\beep\\beep.c                   0x00000000   Number         0  beep.o ABSOLUTE
    HARDWARE\\dht11\\dht11.c                 0x00000000   Number         0  dht11.o ABSOLUTE
    HARDWARE\\flash\\w25qxx.c                0x00000000   Number         0  w25qxx.o ABSOLUTE
    HARDWARE\\led_rgb\\led_rgb.c             0x00000000   Number         0  led_rgb.o ABSOLUTE
    HARDWARE\\oled\\OLED.c                   0x00000000   Number         0  oled.o ABSOLUTE
    HARDWARE\\usart\\usart1.c                0x00000000   Number         0  usart1.o ABSOLUTE
    HARDWARE\adc\adc_ldr.c                   0x00000000   Number         0  adc_ldr.o ABSOLUTE
    HARDWARE\beep\beep.c                     0x00000000   Number         0  beep.o ABSOLUTE
    HARDWARE\dht11\dht11.c                   0x00000000   Number         0  dht11.o ABSOLUTE
    HARDWARE\flash\w25qxx.c                  0x00000000   Number         0  w25qxx.o ABSOLUTE
    HARDWARE\led_rgb\led_rgb.c               0x00000000   Number         0  led_rgb.o ABSOLUTE
    HARDWARE\oled\OLED.c                     0x00000000   Number         0  oled.o ABSOLUTE
    HARDWARE\usart\usart1.c                  0x00000000   Number         0  usart1.o ABSOLUTE
    RTE\Device\STM32F103C8\startup_stm32f10x_md.s 0x00000000   Number         0  startup_stm32f10x_md.o ABSOLUTE
    RTE\Device\STM32F103C8\system_stm32f10x.c 0x00000000   Number         0  system_stm32f10x.o ABSOLUTE
    RTE\\Device\\STM32F103C8\\system_stm32f10x.c 0x00000000   Number         0  system_stm32f10x.o ABSOLUTE
    USER\\alarm.c                            0x00000000   Number         0  alarm.o ABSOLUTE
    USER\\delay.c                            0x00000000   Number         0  delay.o ABSOLUTE
    USER\\esp8266.c                          0x00000000   Number         0  esp8266.o ABSOLUTE
    USER\\log.c                              0x00000000   Number         0  log.o ABSOLUTE
    USER\\printf.c                           0x00000000   Number         0  printf.o ABSOLUTE
    USER\\sys_data.c                         0x00000000   Number         0  sys_data.o ABSOLUTE
    USER\\tim.c                              0x00000000   Number         0  tim.o ABSOLUTE
    USER\alarm.c                             0x00000000   Number         0  alarm.o ABSOLUTE
    USER\delay.c                             0x00000000   Number         0  delay.o ABSOLUTE
    USER\esp8266.c                           0x00000000   Number         0  esp8266.o ABSOLUTE
    USER\log.c                               0x00000000   Number         0  log.o ABSOLUTE
    USER\printf.c                            0x00000000   Number         0  printf.o ABSOLUTE
    USER\sys_data.c                          0x00000000   Number         0  sys_data.o ABSOLUTE
    USER\tim.c                               0x00000000   Number         0  tim.o ABSOLUTE
    cdrcmple.s                               0x00000000   Number         0  cdrcmple.o ABSOLUTE
    dc.s                                     0x00000000   Number         0  dc.o ABSOLUTE
    handlers.s                               0x00000000   Number         0  handlers.o ABSOLUTE
    init.s                                   0x00000000   Number         0  init.o ABSOLUTE
    led.c                                    0x00000000   Number         0  led.o ABSOLUTE
    led.c                                    0x00000000   Number         0  led.o ABSOLUTE
    main.c                                   0x00000000   Number         0  main.o ABSOLUTE
    main.c                                   0x00000000   Number         0  main.o ABSOLUTE
    RESET                                    0x08000000   Section      236  startup_stm32f10x_md.o(RESET)
    .ARM.Collect$$$$00000000                 0x080000ec   Section        0  entry.o(.ARM.Collect$$$$00000000)
    .ARM.Collect$$$$00000001                 0x080000ec   Section        4  entry2.o(.ARM.Collect$$$$00000001)
    .ARM.Collect$$$$00000004                 0x080000f0   Section        4  entry5.o(.ARM.Collect$$$$00000004)
    .ARM.Collect$$$$00000008                 0x080000f4   Section        0  entry7b.o(.ARM.Collect$$$$00000008)
    .ARM.Collect$$$$0000000A                 0x080000f4   Section        0  entry8b.o(.ARM.Collect$$$$0000000A)
    .ARM.Collect$$$$0000000B                 0x080000f4   Section        8  entry9a.o(.ARM.Collect$$$$0000000B)
    .ARM.Collect$$$$0000000D                 0x080000fc   Section        0  entry10a.o(.ARM.Collect$$$$0000000D)
    .ARM.Collect$$$$0000000F                 0x080000fc   Section        0  entry11a.o(.ARM.Collect$$$$0000000F)
    .ARM.Collect$$$$00002712                 0x080000fc   Section        4  entry2.o(.ARM.Collect$$$$00002712)
    __lit__00000000                          0x080000fc   Data           4  entry2.o(.ARM.Collect$$$$00002712)
    .text                                    0x08000100   Section       36  startup_stm32f10x_md.o(.text)
    .text                                    0x08000124   Section        0  memcpya.o(.text)
    .text                                    0x08000148   Section        0  memseta.o(.text)
    .text                                    0x0800016c   Section        0  strstr.o(.text)
    .text                                    0x08000190   Section        0  strncpy.o(.text)
    .text                                    0x080001a8   Section        0  strchr.o(.text)
    .text                                    0x080001bc   Section        0  strlen.o(.text)
    .text                                    0x080001ca   Section        0  atoi.o(.text)
    .text                                    0x080001e4   Section        0  uidiv.o(.text)
    .text                                    0x08000210   Section        0  strtol.o(.text)
    .text                                    0x08000280   Section       36  init.o(.text)
    .text                                    0x080002a4   Section        0  ctype_o.o(.text)
    .text                                    0x080002ac   Section        0  _strtoul.o(.text)
    .text                                    0x0800034a   Section        0  _chval.o(.text)
    i.ADC1_Init                              0x08000368   Section        0  adc_ldr.o(i.ADC1_Init)
    i.ADC1_Read                              0x08000404   Section        0  adc_ldr.o(i.ADC1_Read)
    i.ADC_ClearFlag                          0x08000438   Section        0  stm32f10x_adc.o(i.ADC_ClearFlag)
    i.ADC_Cmd                                0x0800043e   Section        0  stm32f10x_adc.o(i.ADC_Cmd)
    i.ADC_GetCalibrationStatus               0x08000454   Section        0  stm32f10x_adc.o(i.ADC_GetCalibrationStatus)
    i.ADC_GetConversionValue                 0x08000468   Section        0  stm32f10x_adc.o(i.ADC_GetConversionValue)
    i.ADC_GetFlagStatus                      0x08000470   Section        0  stm32f10x_adc.o(i.ADC_GetFlagStatus)
    i.ADC_GetLight                           0x08000482   Section        0  adc_ldr.o(i.ADC_GetLight)
    i.ADC_GetResetCalibrationStatus          0x0800049c   Section        0  stm32f10x_adc.o(i.ADC_GetResetCalibrationStatus)
    i.ADC_Init                               0x080004b0   Section        0  stm32f10x_adc.o(i.ADC_Init)
    i.ADC_RegularChannelConfig               0x08000500   Section        0  stm32f10x_adc.o(i.ADC_RegularChannelConfig)
    i.ADC_ResetCalibration                   0x080005b8   Section        0  stm32f10x_adc.o(i.ADC_ResetCalibration)
    i.ADC_SoftwareStartConvCmd               0x080005c2   Section        0  stm32f10x_adc.o(i.ADC_SoftwareStartConvCmd)
    i.ADC_StartCalibration                   0x080005d8   Section        0  stm32f10x_adc.o(i.ADC_StartCalibration)
    i.Alarm_Check                            0x080005e4   Section        0  alarm.o(i.Alarm_Check)
    i.Alarm_RemoteOff                        0x080006c8   Section        0  alarm.o(i.Alarm_RemoteOff)
    i.BEEP_Alarm_Control                     0x080006ec   Section        0  beep.o(i.BEEP_Alarm_Control)
    i.BEEP_Init                              0x08000770   Section        0  beep.o(i.BEEP_Init)
    i.DHT11_IsACK                            0x08000828   Section        0  dht11.o(i.DHT11_IsACK)
    i.DHT11_PinInputModeConfig               0x08000878   Section        0  dht11.o(i.DHT11_PinInputModeConfig)
    i.DHT11_PinOutputModeConfig              0x0800089c   Section        0  dht11.o(i.DHT11_PinOutputModeConfig)
    i.DHT11_ReadBit                          0x080008c0   Section        0  dht11.o(i.DHT11_ReadBit)
    i.DHT11_ReadByte                         0x080008fc   Section        0  dht11.o(i.DHT11_ReadByte)
    i.DHT11_ReadData                         0x0800091a   Section        0  dht11.o(i.DHT11_ReadData)
    i.DHT11_SendStart                        0x0800097c   Section        0  dht11.o(i.DHT11_SendStart)
    i.ESP_ConnectServer                      0x080009a4   Section        0  esp8266.o(i.ESP_ConnectServer)
    i.ESP_ConnectWiFi                        0x08000a58   Section        0  esp8266.o(i.ESP_ConnectWiFi)
    i.ESP_ProcessReceivedData                0x08000b04   Section        0  esp8266.o(i.ESP_ProcessReceivedData)
    i.ESP_ProcessTCPCommand                  0x08000b88   Section        0  esp8266.o(i.ESP_ProcessTCPCommand)
    i.ESP_SendCommand                        0x08000cd4   Section        0  esp8266.o(i.ESP_SendCommand)
    i.ESP_SendData                           0x08000d18   Section        0  esp8266.o(i.ESP_SendData)
    i.ESP_WaitResponse                       0x08000da0   Section        0  esp8266.o(i.ESP_WaitResponse)
    i.GPIO_Init                              0x08000dfc   Section        0  stm32f10x_gpio.o(i.GPIO_Init)
    i.GPIO_PinRemapConfig                    0x08000f14   Section        0  stm32f10x_gpio.o(i.GPIO_PinRemapConfig)
    i.GPIO_ReadInputDataBit                  0x08000fa4   Section        0  stm32f10x_gpio.o(i.GPIO_ReadInputDataBit)
    i.GPIO_ResetBits                         0x08000fb6   Section        0  stm32f10x_gpio.o(i.GPIO_ResetBits)
    i.GPIO_SetBits                           0x08000fba   Section        0  stm32f10x_gpio.o(i.GPIO_SetBits)
    i.GPIO_WriteBit                          0x08000fbe   Section        0  stm32f10x_gpio.o(i.GPIO_WriteBit)
    i.LED_Alarm_Control                      0x08000fc8   Section        0  led_rgb.o(i.LED_Alarm_Control)
    i.LED_RGB_Init                           0x08001028   Section        0  led_rgb.o(i.LED_RGB_Init)
    i.Log_Read                               0x08001070   Section        0  log.o(i.Log_Read)
    i.Log_Save                               0x080010c8   Section        0  log.o(i.Log_Save)
    i.Log_TriggerSave                        0x08001148   Section        0  log.o(i.Log_TriggerSave)
    i.NVIC_Init                              0x080011a0   Section        0  misc.o(i.NVIC_Init)
    i.OLED_Clear                             0x08001210   Section        0  oled.o(i.OLED_Clear)
    i.OLED_Clear_Area                        0x0800123a   Section        0  oled.o(i.OLED_Clear_Area)
    i.OLED_I2C_Init                          0x08001288   Section        0  oled.o(i.OLED_I2C_Init)
    i.OLED_I2C_SendByte                      0x080012d4   Section        0  oled.o(i.OLED_I2C_SendByte)
    i.OLED_I2C_Start                         0x08001324   Section        0  oled.o(i.OLED_I2C_Start)
    i.OLED_I2C_Stop                          0x08001354   Section        0  oled.o(i.OLED_I2C_Stop)
    i.OLED_Init                              0x0800137c   Section        0  oled.o(i.OLED_Init)
    i.OLED_SetCursor                         0x080013c6   Section        0  oled.o(i.OLED_SetCursor)
    i.OLED_ShowChar                          0x080013e8   Section        0  oled.o(i.OLED_ShowChar)
    i.OLED_ShowChar_8x16                     0x08001438   Section        0  oled.o(i.OLED_ShowChar_8x16)
    OLED_ShowChar_8x16                       0x08001439   Thumb Code   108  oled.o(i.OLED_ShowChar_8x16)
    i.OLED_ShowNum_size                      0x080014a8   Section        0  oled.o(i.OLED_ShowNum_size)
    i.OLED_ShowString                        0x08001582   Section        0  oled.o(i.OLED_ShowString)
    i.OLED_WriteCommand                      0x080015c2   Section        0  oled.o(i.OLED_WriteCommand)
    i.OLED_WriteData                         0x080015e2   Section        0  oled.o(i.OLED_WriteData)
    i.RCC_ADCCLKConfig                       0x08001604   Section        0  stm32f10x_rcc.o(i.RCC_ADCCLKConfig)
    i.RCC_APB1PeriphClockCmd                 0x0800161c   Section        0  stm32f10x_rcc.o(i.RCC_APB1PeriphClockCmd)
    i.RCC_APB2PeriphClockCmd                 0x0800163c   Section        0  stm32f10x_rcc.o(i.RCC_APB2PeriphClockCmd)
    i.RCC_GetClocksFreq                      0x0800165c   Section        0  stm32f10x_rcc.o(i.RCC_GetClocksFreq)
    i.Servo_Link_Alarm                       0x08001730   Section        0  servo.o(i.Servo_Link_Alarm)
    i.Servo_SetAngle                         0x0800175c   Section        0  servo.o(i.Servo_SetAngle)
    i.Servo_init                             0x08001790   Section        0  servo.o(i.Servo_init)
    i.SetSysClock                            0x08001830   Section        0  system_stm32f10x.o(i.SetSysClock)
    SetSysClock                              0x08001831   Thumb Code     8  system_stm32f10x.o(i.SetSysClock)
    i.SetSysClockTo72                        0x08001838   Section        0  system_stm32f10x.o(i.SetSysClockTo72)
    SetSysClockTo72                          0x08001839   Thumb Code   214  system_stm32f10x.o(i.SetSysClockTo72)
    i.SysTick_CLKSourceConfig                0x08001918   Section        0  misc.o(i.SysTick_CLKSourceConfig)
    i.SysTick_Handler                        0x08001940   Section        0  main.o(i.SysTick_Handler)
    i.SystemCoreClockUpdate                  0x08001950   Section        0  system_stm32f10x.o(i.SystemCoreClockUpdate)
    i.SystemInit                             0x080019f4   Section        0  system_stm32f10x.o(i.SystemInit)
    i.System_Init                            0x08001a54   Section        0  esp8266.o(i.System_Init)
    i.TIM3_IRQHandler                        0x08001a70   Section        0  tim.o(i.TIM3_IRQHandler)
    i.TIM3_Init                              0x08001ae8   Section        0  tim.o(i.TIM3_Init)
    i.TIM_ARRPreloadConfig                   0x08001b4c   Section        0  stm32f10x_tim.o(i.TIM_ARRPreloadConfig)
    i.TIM_ClearFlag                          0x08001b64   Section        0  stm32f10x_tim.o(i.TIM_ClearFlag)
    i.TIM_ClearITPendingBit                  0x08001b6a   Section        0  stm32f10x_tim.o(i.TIM_ClearITPendingBit)
    i.TIM_Cmd                                0x08001b70   Section        0  stm32f10x_tim.o(i.TIM_Cmd)
    i.TIM_CtrlPWMOutputs                     0x08001b88   Section        0  stm32f10x_tim.o(i.TIM_CtrlPWMOutputs)
    i.TIM_GetITStatus                        0x08001ba6   Section        0  stm32f10x_tim.o(i.TIM_GetITStatus)
    i.TIM_ITConfig                           0x08001bc8   Section        0  stm32f10x_tim.o(i.TIM_ITConfig)
    i.TIM_OC1Init                            0x08001bdc   Section        0  stm32f10x_tim.o(i.TIM_OC1Init)
    i.TIM_OC1PreloadConfig                   0x08001c74   Section        0  stm32f10x_tim.o(i.TIM_OC1PreloadConfig)
    i.TIM_OC2Init                            0x08001c88   Section        0  stm32f10x_tim.o(i.TIM_OC2Init)
    i.TIM_OC2PreloadConfig                   0x08001d2c   Section        0  stm32f10x_tim.o(i.TIM_OC2PreloadConfig)
    i.TIM_SetCompare2                        0x08001d46   Section        0  stm32f10x_tim.o(i.TIM_SetCompare2)
    i.TIM_TimeBaseInit                       0x08001d4c   Section        0  stm32f10x_tim.o(i.TIM_TimeBaseInit)
    i.USART1_IRQHandler                      0x08001df0   Section        0  usart1.o(i.USART1_IRQHandler)
    i.USART1_ParseCmd                        0x08001e60   Section        0  usart1.o(i.USART1_ParseCmd)
    i.USART1_SendByte                        0x08001ff4   Section        0  usart1.o(i.USART1_SendByte)
    i.USART1_SendString                      0x08002014   Section        0  usart1.o(i.USART1_SendString)
    i.USART2_IRQHandler                      0x0800202c   Section        0  esp8266.o(i.USART2_IRQHandler)
    i.USART_ClearFlag                        0x080020bc   Section        0  stm32f10x_usart.o(i.USART_ClearFlag)
    i.USART_ClearITPendingBit                0x080020ce   Section        0  stm32f10x_usart.o(i.USART_ClearITPendingBit)
    i.USART_Cmd                              0x080020ec   Section        0  stm32f10x_usart.o(i.USART_Cmd)
    i.USART_GetFlagStatus                    0x08002104   Section        0  stm32f10x_usart.o(i.USART_GetFlagStatus)
    i.USART_GetITStatus                      0x0800211e   Section        0  stm32f10x_usart.o(i.USART_GetITStatus)
    i.USART_ITConfig                         0x08002172   Section        0  stm32f10x_usart.o(i.USART_ITConfig)
    i.USART_Init                             0x080021bc   Section        0  stm32f10x_usart.o(i.USART_Init)
    i.USART_MyInit                           0x08002294   Section        0  esp8266.o(i.USART_MyInit)
    i.USART_ReceiveData                      0x08002328   Section        0  stm32f10x_usart.o(i.USART_ReceiveData)
    i.USART_SendData                         0x08002332   Section        0  stm32f10x_usart.o(i.USART_SendData)
    i.USART_SendString                       0x0800233a   Section        0  esp8266.o(i.USART_SendString)
    i.W25QXX_Erase_Sector                    0x08002364   Section        0  w25qxx.o(i.W25QXX_Erase_Sector)
    i.W25QXX_Init                            0x080023ac   Section        0  w25qxx.o(i.W25QXX_Init)
    i.W25QXX_Read                            0x08002450   Section        0  w25qxx.o(i.W25QXX_Read)
    i.W25QXX_ReadSR                          0x080024a8   Section        0  w25qxx.o(i.W25QXX_ReadSR)
    i.W25QXX_ReadWriteByte                   0x080024d8   Section        0  w25qxx.o(i.W25QXX_ReadWriteByte)
    i.W25QXX_Wait_Busy                       0x08002544   Section        0  w25qxx.o(i.W25QXX_Wait_Busy)
    i.W25QXX_Write_Enable                    0x08002558   Section        0  w25qxx.o(i.W25QXX_Write_Enable)
    i.W25QXX_Write_Page                      0x0800257c   Section        0  w25qxx.o(i.W25QXX_Write_Page)
    i.__0printf$3                            0x080025d8   Section        0  printf3.o(i.__0printf$3)
    i.__0sprintf$3                           0x080025f8   Section        0  printf3.o(i.__0sprintf$3)
    i.__aeabi_errno_addr                     0x08002620   Section        0  errno.o(i.__aeabi_errno_addr)
    i.__scatterload_copy                     0x08002628   Section       14  handlers.o(i.__scatterload_copy)
    i.__scatterload_null                     0x08002636   Section        2  handlers.o(i.__scatterload_null)
    i.__scatterload_zeroinit                 0x08002638   Section       14  handlers.o(i.__scatterload_zeroinit)
    i._printf_core                           0x08002648   Section        0  printf3.o(i._printf_core)
    _printf_core                             0x08002649   Thumb Code   436  printf3.o(i._printf_core)
    i._sputc                                 0x08002800   Section        0  printf3.o(i._sputc)
    _sputc                                   0x08002801   Thumb Code    10  printf3.o(i._sputc)
    i.delay_init                             0x0800280c   Section        0  delay.o(i.delay_init)
    i.delay_ms                               0x08002830   Section        0  delay.o(i.delay_ms)
    i.delay_us                               0x0800284c   Section        0  delay.o(i.delay_us)
    i.dht11_init                             0x08002898   Section        0  dht11.o(i.dht11_init)
    i.fputc                                  0x080028a4   Section        0  printf.o(i.fputc)
    i.main                                   0x080028c8   Section        0  main.o(i.main)
    .constdata                               0x08002bc4   Section     2072  oled.o(.constdata)
    .constdata                               0x080033dc   Section      129  ctype_o.o(.constdata)
    .constdata                               0x08003460   Section        4  ctype_o.o(.constdata)
    table                                    0x08003460   Data           4  ctype_o.o(.constdata)
    .data                                    0x20000000   Section        8  main.o(.data)
    .data                                    0x20000008   Section       18  sys_data.o(.data)
    .data                                    0x2000001a   Section        1  delay.o(.data)
    fac_us                                   0x2000001a   Data           1  delay.o(.data)
    .data                                    0x2000001c   Section        6  tim.o(.data)
    cnt_100ms                                0x20000020   Data           2  tim.o(.data)
    .data                                    0x20000022   Section        3  alarm.o(.data)
    intrude_conti_count                      0x20000022   Data           1  alarm.o(.data)
    intrude_lock                             0x20000023   Data           1  alarm.o(.data)
    intrude_timer                            0x20000024   Data           1  alarm.o(.data)
    .data                                    0x20000028   Section        4  log.o(.data)
    .data                                    0x2000002c   Section        4  esp8266.o(.data)
    .data                                    0x20000030   Section        1  beep.o(.data)
    beep_cnt                                 0x20000030   Data           1  beep.o(.data)
    .data                                    0x20000032   Section        3  usart1.o(.data)
    .data                                    0x20000035   Section       20  stm32f10x_rcc.o(.data)
    APBAHBPrescTable                         0x20000035   Data          16  stm32f10x_rcc.o(.data)
    ADCPrescTable                            0x20000045   Data           4  stm32f10x_rcc.o(.data)
    .data                                    0x2000004c   Section       20  system_stm32f10x.o(.data)
    .data                                    0x20000060   Section        4  stdout.o(.data)
    .data                                    0x20000064   Section        4  errno.o(.data)
    _errno                                   0x20000064   Data           4  errno.o(.data)
    .bss                                     0x20000068   Section      128  esp8266.o(.bss)
    .bss                                     0x200000e8   Section       64  usart1.o(.bss)
    STACK                                    0x20000128   Section     1024  startup_stm32f10x_md.o(STACK)

    Global Symbols

    Symbol Name                              Value     Ov Type        Size  Object(Section)

    BuildAttributes$$THM_ISAv4$P$D$K$B$S$PE$A:L22UL41UL21$X:L11$S22US41US21$IEEE1$IW$USESV6$~STKCKD$USESV7$~SHL$OSPACE$ROPI$EBA8$MICROLIB$REQ8$PRES8$EABIv2 0x00000000   Number         0  anon$$obj.o ABSOLUTE
    __ARM_use_no_argv                        0x00000000   Number         0  main.o ABSOLUTE
    _printf_a                                0x00000000   Number         0  stubs.o ABSOLUTE
    _printf_c                                0x00000000   Number         0  stubs.o ABSOLUTE
    _printf_charcount                        0x00000000   Number         0  stubs.o ABSOLUTE
    _printf_d                                0x00000000   Number         0  stubs.o ABSOLUTE
    _printf_e                                0x00000000   Number         0  stubs.o ABSOLUTE
    _printf_f                                0x00000000   Number         0  stubs.o ABSOLUTE
    _printf_flags                            0x00000000   Number         0  stubs.o ABSOLUTE
    _printf_fp_dec                           0x00000000   Number         0  stubs.o ABSOLUTE
    _printf_fp_hex                           0x00000000   Number         0  stubs.o ABSOLUTE
    _printf_g                                0x00000000   Number         0  stubs.o ABSOLUTE
    _printf_i                                0x00000000   Number         0  stubs.o ABSOLUTE
    _printf_int_dec                          0x00000000   Number         0  stubs.o ABSOLUTE
    _printf_l                                0x00000000   Number         0  stubs.o ABSOLUTE
    _printf_lc                               0x00000000   Number         0  stubs.o ABSOLUTE
    _printf_ll                               0x00000000   Number         0  stubs.o ABSOLUTE
    _printf_lld                              0x00000000   Number         0  stubs.o ABSOLUTE
    _printf_lli                              0x00000000   Number         0  stubs.o ABSOLUTE
    _printf_llo                              0x00000000   Number         0  stubs.o ABSOLUTE
    _printf_llu                              0x00000000   Number         0  stubs.o ABSOLUTE
    _printf_llx                              0x00000000   Number         0  stubs.o ABSOLUTE
    _printf_longlong_dec                     0x00000000   Number         0  stubs.o ABSOLUTE
    _printf_longlong_hex                     0x00000000   Number         0  stubs.o ABSOLUTE
    _printf_longlong_oct                     0x00000000   Number         0  stubs.o ABSOLUTE
    _printf_ls                               0x00000000   Number         0  stubs.o ABSOLUTE
    _printf_mbtowc                           0x00000000   Number         0  stubs.o ABSOLUTE
    _printf_n                                0x00000000   Number         0  stubs.o ABSOLUTE
    _printf_o                                0x00000000   Number         0  stubs.o ABSOLUTE
    _printf_p                                0x00000000   Number         0  stubs.o ABSOLUTE
    _printf_percent                          0x00000000   Number         0  stubs.o ABSOLUTE
    _printf_pre_padding                      0x00000000   Number         0  stubs.o ABSOLUTE
    _printf_return_value                     0x00000000   Number         0  stubs.o ABSOLUTE
    _printf_s                                0x00000000   Number         0  stubs.o ABSOLUTE
    _printf_sizespec                         0x00000000   Number         0  stubs.o ABSOLUTE
    _printf_str                              0x00000000   Number         0  stubs.o ABSOLUTE
    _printf_truncate_signed                  0x00000000   Number         0  stubs.o ABSOLUTE
    _printf_truncate_unsigned                0x00000000   Number         0  stubs.o ABSOLUTE
    _printf_u                                0x00000000   Number         0  stubs.o ABSOLUTE
    _printf_wc                               0x00000000   Number         0  stubs.o ABSOLUTE
    _printf_wctomb                           0x00000000   Number         0  stubs.o ABSOLUTE
    _printf_widthprec                        0x00000000   Number         0  stubs.o ABSOLUTE
    _printf_x                                0x00000000   Number         0  stubs.o ABSOLUTE
    __cpp_initialize__aeabi_                  - Undefined Weak Reference
    __cxa_finalize                            - Undefined Weak Reference
    __decompress                              - Undefined Weak Reference
    _clock_init                               - Undefined Weak Reference
    _microlib_exit                            - Undefined Weak Reference
    __Vectors_Size                           0x000000ec   Number         0  startup_stm32f10x_md.o ABSOLUTE
    __Vectors                                0x08000000   Data           4  startup_stm32f10x_md.o(RESET)
    __Vectors_End                            0x080000ec   Data           0  startup_stm32f10x_md.o(RESET)
    __main                                   0x080000ed   Thumb Code     0  entry.o(.ARM.Collect$$$$00000000)
    _main_stk                                0x080000ed   Thumb Code     0  entry2.o(.ARM.Collect$$$$00000001)
    _main_scatterload                        0x080000f1   Thumb Code     0  entry5.o(.ARM.Collect$$$$00000004)
    __main_after_scatterload                 0x080000f5   Thumb Code     0  entry5.o(.ARM.Collect$$$$00000004)
    _main_clock                              0x080000f5   Thumb Code     0  entry7b.o(.ARM.Collect$$$$00000008)
    _main_cpp_init                           0x080000f5   Thumb Code     0  entry8b.o(.ARM.Collect$$$$0000000A)
    _main_init                               0x080000f5   Thumb Code     0  entry9a.o(.ARM.Collect$$$$0000000B)
    __rt_final_cpp                           0x080000fd   Thumb Code     0  entry10a.o(.ARM.Collect$$$$0000000D)
    __rt_final_exit                          0x080000fd   Thumb Code     0  entry11a.o(.ARM.Collect$$$$0000000F)
    Reset_Handler                            0x08000101   Thumb Code     8  startup_stm32f10x_md.o(.text)
    NMI_Handler                              0x08000109   Thumb Code     2  startup_stm32f10x_md.o(.text)
    HardFault_Handler                        0x0800010b   Thumb Code     2  startup_stm32f10x_md.o(.text)
    MemManage_Handler                        0x0800010d   Thumb Code     2  startup_stm32f10x_md.o(.text)
    BusFault_Handler                         0x0800010f   Thumb Code     2  startup_stm32f10x_md.o(.text)
    UsageFault_Handler                       0x08000111   Thumb Code     2  startup_stm32f10x_md.o(.text)
    SVC_Handler                              0x08000113   Thumb Code     2  startup_stm32f10x_md.o(.text)
    DebugMon_Handler                         0x08000115   Thumb Code     2  startup_stm32f10x_md.o(.text)
    PendSV_Handler                           0x08000117   Thumb Code     2  startup_stm32f10x_md.o(.text)
    ADC1_2_IRQHandler                        0x0800011b   Thumb Code     0  startup_stm32f10x_md.o(.text)
    CAN1_RX1_IRQHandler                      0x0800011b   Thumb Code     0  startup_stm32f10x_md.o(.text)
    CAN1_SCE_IRQHandler                      0x0800011b   Thumb Code     0  startup_stm32f10x_md.o(.text)
    DMA1_Channel1_IRQHandler                 0x0800011b   Thumb Code     0  startup_stm32f10x_md.o(.text)
    DMA1_Channel2_IRQHandler                 0x0800011b   Thumb Code     0  startup_stm32f10x_md.o(.text)
    DMA1_Channel3_IRQHandler                 0x0800011b   Thumb Code     0  startup_stm32f10x_md.o(.text)
    DMA1_Channel4_IRQHandler                 0x0800011b   Thumb Code     0  startup_stm32f10x_md.o(.text)
    DMA1_Channel5_IRQHandler                 0x0800011b   Thumb Code     0  startup_stm32f10x_md.o(.text)
    DMA1_Channel6_IRQHandler                 0x0800011b   Thumb Code     0  startup_stm32f10x_md.o(.text)
    DMA1_Channel7_IRQHandler                 0x0800011b   Thumb Code     0  startup_stm32f10x_md.o(.text)
    EXTI0_IRQHandler                         0x0800011b   Thumb Code     0  startup_stm32f10x_md.o(.text)
    EXTI15_10_IRQHandler                     0x0800011b   Thumb Code     0  startup_stm32f10x_md.o(.text)
    EXTI1_IRQHandler                         0x0800011b   Thumb Code     0  startup_stm32f10x_md.o(.text)
    EXTI2_IRQHandler                         0x0800011b   Thumb Code     0  startup_stm32f10x_md.o(.text)
    EXTI3_IRQHandler                         0x0800011b   Thumb Code     0  startup_stm32f10x_md.o(.text)
    EXTI4_IRQHandler                         0x0800011b   Thumb Code     0  startup_stm32f10x_md.o(.text)
    EXTI9_5_IRQHandler                       0x0800011b   Thumb Code     0  startup_stm32f10x_md.o(.text)
    FLASH_IRQHandler                         0x0800011b   Thumb Code     0  startup_stm32f10x_md.o(.text)
    I2C1_ER_IRQHandler                       0x0800011b   Thumb Code     0  startup_stm32f10x_md.o(.text)
    I2C1_EV_IRQHandler                       0x0800011b   Thumb Code     0  startup_stm32f10x_md.o(.text)
    I2C2_ER_IRQHandler                       0x0800011b   Thumb Code     0  startup_stm32f10x_md.o(.text)
    I2C2_EV_IRQHandler                       0x0800011b   Thumb Code     0  startup_stm32f10x_md.o(.text)
    PVD_IRQHandler                           0x0800011b   Thumb Code     0  startup_stm32f10x_md.o(.text)
    RCC_IRQHandler                           0x0800011b   Thumb Code     0  startup_stm32f10x_md.o(.text)
    RTCAlarm_IRQHandler                      0x0800011b   Thumb Code     0  startup_stm32f10x_md.o(.text)
    RTC_IRQHandler                           0x0800011b   Thumb Code     0  startup_stm32f10x_md.o(.text)
    SPI1_IRQHandler                          0x0800011b   Thumb Code     0  startup_stm32f10x_md.o(.text)
    SPI2_IRQHandler                          0x0800011b   Thumb Code     0  startup_stm32f10x_md.o(.text)
    TAMPER_IRQHandler                        0x0800011b   Thumb Code     0  startup_stm32f10x_md.o(.text)
    TIM1_BRK_IRQHandler                      0x0800011b   Thumb Code     0  startup_stm32f10x_md.o(.text)
    TIM1_CC_IRQHandler                       0x0800011b   Thumb Code     0  startup_stm32f10x_md.o(.text)
    TIM1_TRG_COM_IRQHandler                  0x0800011b   Thumb Code     0  startup_stm32f10x_md.o(.text)
    TIM1_UP_IRQHandler                       0x0800011b   Thumb Code     0  startup_stm32f10x_md.o(.text)
    TIM2_IRQHandler                          0x0800011b   Thumb Code     0  startup_stm32f10x_md.o(.text)
    TIM4_IRQHandler                          0x0800011b   Thumb Code     0  startup_stm32f10x_md.o(.text)
    USART3_IRQHandler                        0x0800011b   Thumb Code     0  startup_stm32f10x_md.o(.text)
    USBWakeUp_IRQHandler                     0x0800011b   Thumb Code     0  startup_stm32f10x_md.o(.text)
    USB_HP_CAN1_TX_IRQHandler                0x0800011b   Thumb Code     0  startup_stm32f10x_md.o(.text)
    USB_LP_CAN1_RX0_IRQHandler               0x0800011b   Thumb Code     0  startup_stm32f10x_md.o(.text)
    WWDG_IRQHandler                          0x0800011b   Thumb Code     0  startup_stm32f10x_md.o(.text)
    __aeabi_memcpy                           0x08000125   Thumb Code    36  memcpya.o(.text)
    __aeabi_memcpy4                          0x08000125   Thumb Code     0  memcpya.o(.text)
    __aeabi_memcpy8                          0x08000125   Thumb Code     0  memcpya.o(.text)
    __aeabi_memset                           0x08000149   Thumb Code    14  memseta.o(.text)
    __aeabi_memset4                          0x08000149   Thumb Code     0  memseta.o(.text)
    __aeabi_memset8                          0x08000149   Thumb Code     0  memseta.o(.text)
    __aeabi_memclr                           0x08000157   Thumb Code     4  memseta.o(.text)
    __aeabi_memclr4                          0x08000157   Thumb Code     0  memseta.o(.text)
    __aeabi_memclr8                          0x08000157   Thumb Code     0  memseta.o(.text)
    _memset$wrapper                          0x0800015b   Thumb Code    18  memseta.o(.text)
    strstr                                   0x0800016d   Thumb Code    36  strstr.o(.text)
    strncpy                                  0x08000191   Thumb Code    24  strncpy.o(.text)
    strchr                                   0x080001a9   Thumb Code    20  strchr.o(.text)
    strlen                                   0x080001bd   Thumb Code    14  strlen.o(.text)
    atoi                                     0x080001cb   Thumb Code    26  atoi.o(.text)
    __aeabi_uidiv                            0x080001e5   Thumb Code     0  uidiv.o(.text)
    __aeabi_uidivmod                         0x080001e5   Thumb Code    44  uidiv.o(.text)
    strtol                                   0x08000211   Thumb Code   112  strtol.o(.text)
    __scatterload                            0x08000281   Thumb Code    28  init.o(.text)
    __scatterload_rt2                        0x08000281   Thumb Code     0  init.o(.text)
    __rt_ctype_table                         0x080002a5   Thumb Code     4  ctype_o.o(.text)
    _strtoul                                 0x080002ad   Thumb Code   158  _strtoul.o(.text)
    _chval                                   0x0800034b   Thumb Code    28  _chval.o(.text)
    ADC1_Init                                0x08000369   Thumb Code   142  adc_ldr.o(i.ADC1_Init)
    ADC1_Read                                0x08000405   Thumb Code    44  adc_ldr.o(i.ADC1_Read)
    ADC_ClearFlag                            0x08000439   Thumb Code     6  stm32f10x_adc.o(i.ADC_ClearFlag)
    ADC_Cmd                                  0x0800043f   Thumb Code    22  stm32f10x_adc.o(i.ADC_Cmd)
    ADC_GetCalibrationStatus                 0x08000455   Thumb Code    20  stm32f10x_adc.o(i.ADC_GetCalibrationStatus)
    ADC_GetConversionValue                   0x08000469   Thumb Code     8  stm32f10x_adc.o(i.ADC_GetConversionValue)
    ADC_GetFlagStatus                        0x08000471   Thumb Code    18  stm32f10x_adc.o(i.ADC_GetFlagStatus)
    ADC_GetLight                             0x08000483   Thumb Code    26  adc_ldr.o(i.ADC_GetLight)
    ADC_GetResetCalibrationStatus            0x0800049d   Thumb Code    20  stm32f10x_adc.o(i.ADC_GetResetCalibrationStatus)
    ADC_Init                                 0x080004b1   Thumb Code    70  stm32f10x_adc.o(i.ADC_Init)
    ADC_RegularChannelConfig                 0x08000501   Thumb Code   184  stm32f10x_adc.o(i.ADC_RegularChannelConfig)
    ADC_ResetCalibration                     0x080005b9   Thumb Code    10  stm32f10x_adc.o(i.ADC_ResetCalibration)
    ADC_SoftwareStartConvCmd                 0x080005c3   Thumb Code    22  stm32f10x_adc.o(i.ADC_SoftwareStartConvCmd)
    ADC_StartCalibration                     0x080005d9   Thumb Code    10  stm32f10x_adc.o(i.ADC_StartCalibration)
    Alarm_Check                              0x080005e5   Thumb Code   210  alarm.o(i.Alarm_Check)
    Alarm_RemoteOff                          0x080006c9   Thumb Code    20  alarm.o(i.Alarm_RemoteOff)
    BEEP_Alarm_Control                       0x080006ed   Thumb Code   120  beep.o(i.BEEP_Alarm_Control)
    BEEP_Init                                0x08000771   Thumb Code   174  beep.o(i.BEEP_Init)
    DHT11_IsACK                              0x08000829   Thumb Code    74  dht11.o(i.DHT11_IsACK)
    DHT11_PinInputModeConfig                 0x08000879   Thumb Code    30  dht11.o(i.DHT11_PinInputModeConfig)
    DHT11_PinOutputModeConfig                0x0800089d   Thumb Code    30  dht11.o(i.DHT11_PinOutputModeConfig)
    DHT11_ReadBit                            0x080008c1   Thumb Code    54  dht11.o(i.DHT11_ReadBit)
    DHT11_ReadByte                           0x080008fd   Thumb Code    30  dht11.o(i.DHT11_ReadByte)
    DHT11_ReadData                           0x0800091b   Thumb Code    96  dht11.o(i.DHT11_ReadData)
    DHT11_SendStart                          0x0800097d   Thumb Code    36  dht11.o(i.DHT11_SendStart)
    ESP_ConnectServer                        0x080009a5   Thumb Code   128  esp8266.o(i.ESP_ConnectServer)
    ESP_ConnectWiFi                          0x08000a59   Thumb Code   132  esp8266.o(i.ESP_ConnectWiFi)
    ESP_ProcessReceivedData                  0x08000b05   Thumb Code   112  esp8266.o(i.ESP_ProcessReceivedData)
    ESP_ProcessTCPCommand                    0x08000b89   Thumb Code   214  esp8266.o(i.ESP_ProcessTCPCommand)
    ESP_SendCommand                          0x08000cd5   Thumb Code    44  esp8266.o(i.ESP_SendCommand)
    ESP_SendData                             0x08000d19   Thumb Code   100  esp8266.o(i.ESP_SendData)
    ESP_WaitResponse                         0x08000da1   Thumb Code    76  esp8266.o(i.ESP_WaitResponse)
    GPIO_Init                                0x08000dfd   Thumb Code   278  stm32f10x_gpio.o(i.GPIO_Init)
    GPIO_PinRemapConfig                      0x08000f15   Thumb Code   138  stm32f10x_gpio.o(i.GPIO_PinRemapConfig)
    GPIO_ReadInputDataBit                    0x08000fa5   Thumb Code    18  stm32f10x_gpio.o(i.GPIO_ReadInputDataBit)
    GPIO_ResetBits                           0x08000fb7   Thumb Code     4  stm32f10x_gpio.o(i.GPIO_ResetBits)
    GPIO_SetBits                             0x08000fbb   Thumb Code     4  stm32f10x_gpio.o(i.GPIO_SetBits)
    GPIO_WriteBit                            0x08000fbf   Thumb Code    10  stm32f10x_gpio.o(i.GPIO_WriteBit)
    LED_Alarm_Control                        0x08000fc9   Thumb Code    86  led_rgb.o(i.LED_Alarm_Control)
    LED_RGB_Init                             0x08001029   Thumb Code    62  led_rgb.o(i.LED_RGB_Init)
    Log_Read                                 0x08001071   Thumb Code    86  log.o(i.Log_Read)
    Log_Save                                 0x080010c9   Thumb Code   124  log.o(i.Log_Save)
    Log_TriggerSave                          0x08001149   Thumb Code    76  log.o(i.Log_TriggerSave)
    NVIC_Init                                0x080011a1   Thumb Code   100  misc.o(i.NVIC_Init)
    OLED_Clear                               0x08001211   Thumb Code    42  oled.o(i.OLED_Clear)
    OLED_Clear_Area                          0x0800123b   Thumb Code    78  oled.o(i.OLED_Clear_Area)
    OLED_I2C_Init                            0x08001289   Thumb Code    72  oled.o(i.OLED_I2C_Init)
    OLED_I2C_SendByte                        0x080012d5   Thumb Code    74  oled.o(i.OLED_I2C_SendByte)
    OLED_I2C_Start                           0x08001325   Thumb Code    44  oled.o(i.OLED_I2C_Start)
    OLED_I2C_Stop                            0x08001355   Thumb Code    34  oled.o(i.OLED_I2C_Stop)
    OLED_Init                                0x0800137d   Thumb Code    74  oled.o(i.OLED_Init)
    OLED_SetCursor                           0x080013c7   Thumb Code    34  oled.o(i.OLED_SetCursor)
    OLED_ShowChar                            0x080013e9   Thumb Code    74  oled.o(i.OLED_ShowChar)
    OLED_ShowNum_size                        0x080014a9   Thumb Code   218  oled.o(i.OLED_ShowNum_size)
    OLED_ShowString                          0x08001583   Thumb Code    64  oled.o(i.OLED_ShowString)
    OLED_WriteCommand                        0x080015c3   Thumb Code    32  oled.o(i.OLED_WriteCommand)
    OLED_WriteData                           0x080015e3   Thumb Code    32  oled.o(i.OLED_WriteData)
    RCC_ADCCLKConfig                         0x08001605   Thumb Code    18  stm32f10x_rcc.o(i.RCC_ADCCLKConfig)
    RCC_APB1PeriphClockCmd                   0x0800161d   Thumb Code    26  stm32f10x_rcc.o(i.RCC_APB1PeriphClockCmd)
    RCC_APB2PeriphClockCmd                   0x0800163d   Thumb Code    26  stm32f10x_rcc.o(i.RCC_APB2PeriphClockCmd)
    RCC_GetClocksFreq                        0x0800165d   Thumb Code   192  stm32f10x_rcc.o(i.RCC_GetClocksFreq)
    Servo_Link_Alarm                         0x08001731   Thumb Code    38  servo.o(i.Servo_Link_Alarm)
    Servo_SetAngle                           0x0800175d   Thumb Code    48  servo.o(i.Servo_SetAngle)
    Servo_init                               0x08001791   Thumb Code   156  servo.o(i.Servo_init)
    SysTick_CLKSourceConfig                  0x08001919   Thumb Code    40  misc.o(i.SysTick_CLKSourceConfig)
    SysTick_Handler                          0x08001941   Thumb Code    12  main.o(i.SysTick_Handler)
    SystemCoreClockUpdate                    0x08001951   Thumb Code   142  system_stm32f10x.o(i.SystemCoreClockUpdate)
    SystemInit                               0x080019f5   Thumb Code    78  system_stm32f10x.o(i.SystemInit)
    System_Init                              0x08001a55   Thumb Code    28  esp8266.o(i.System_Init)
    TIM3_IRQHandler                          0x08001a71   Thumb Code   102  tim.o(i.TIM3_IRQHandler)
    TIM3_Init                                0x08001ae9   Thumb Code    94  tim.o(i.TIM3_Init)
    TIM_ARRPreloadConfig                     0x08001b4d   Thumb Code    24  stm32f10x_tim.o(i.TIM_ARRPreloadConfig)
    TIM_ClearFlag                            0x08001b65   Thumb Code     6  stm32f10x_tim.o(i.TIM_ClearFlag)
    TIM_ClearITPendingBit                    0x08001b6b   Thumb Code     6  stm32f10x_tim.o(i.TIM_ClearITPendingBit)
    TIM_Cmd                                  0x08001b71   Thumb Code    24  stm32f10x_tim.o(i.TIM_Cmd)
    TIM_CtrlPWMOutputs                       0x08001b89   Thumb Code    30  stm32f10x_tim.o(i.TIM_CtrlPWMOutputs)
    TIM_GetITStatus                          0x08001ba7   Thumb Code    34  stm32f10x_tim.o(i.TIM_GetITStatus)
    TIM_ITConfig                             0x08001bc9   Thumb Code    18  stm32f10x_tim.o(i.TIM_ITConfig)
    TIM_OC1Init                              0x08001bdd   Thumb Code   132  stm32f10x_tim.o(i.TIM_OC1Init)
    TIM_OC1PreloadConfig                     0x08001c75   Thumb Code    18  stm32f10x_tim.o(i.TIM_OC1PreloadConfig)
    TIM_OC2Init                              0x08001c89   Thumb Code   154  stm32f10x_tim.o(i.TIM_OC2Init)
    TIM_OC2PreloadConfig                     0x08001d2d   Thumb Code    26  stm32f10x_tim.o(i.TIM_OC2PreloadConfig)
    TIM_SetCompare2                          0x08001d47   Thumb Code     4  stm32f10x_tim.o(i.TIM_SetCompare2)
    TIM_TimeBaseInit                         0x08001d4d   Thumb Code   122  stm32f10x_tim.o(i.TIM_TimeBaseInit)
    USART1_IRQHandler                        0x08001df1   Thumb Code    94  usart1.o(i.USART1_IRQHandler)
    USART1_ParseCmd                          0x08001e61   Thumb Code   238  usart1.o(i.USART1_ParseCmd)
    USART1_SendByte                          0x08001ff5   Thumb Code    28  usart1.o(i.USART1_SendByte)
    USART1_SendString                        0x08002015   Thumb Code    22  usart1.o(i.USART1_SendString)
    USART2_IRQHandler                        0x0800202d   Thumb Code   122  esp8266.o(i.USART2_IRQHandler)
    USART_ClearFlag                          0x080020bd   Thumb Code    18  stm32f10x_usart.o(i.USART_ClearFlag)
    USART_ClearITPendingBit                  0x080020cf   Thumb Code    30  stm32f10x_usart.o(i.USART_ClearITPendingBit)
    USART_Cmd                                0x080020ed   Thumb Code    24  stm32f10x_usart.o(i.USART_Cmd)
    USART_GetFlagStatus                      0x08002105   Thumb Code    26  stm32f10x_usart.o(i.USART_GetFlagStatus)
    USART_GetITStatus                        0x0800211f   Thumb Code    84  stm32f10x_usart.o(i.USART_GetITStatus)
    USART_ITConfig                           0x08002173   Thumb Code    74  stm32f10x_usart.o(i.USART_ITConfig)
    USART_Init                               0x080021bd   Thumb Code   210  stm32f10x_usart.o(i.USART_Init)
    USART_MyInit                             0x08002295   Thumb Code   140  esp8266.o(i.USART_MyInit)
    USART_ReceiveData                        0x08002329   Thumb Code    10  stm32f10x_usart.o(i.USART_ReceiveData)
    USART_SendData                           0x08002333   Thumb Code     8  stm32f10x_usart.o(i.USART_SendData)
    USART_SendString                         0x0800233b   Thumb Code    40  esp8266.o(i.USART_SendString)
    W25QXX_Erase_Sector                      0x08002365   Thumb Code    68  w25qxx.o(i.W25QXX_Erase_Sector)
    W25QXX_Init                              0x080023ad   Thumb Code   158  w25qxx.o(i.W25QXX_Init)
    W25QXX_Read                              0x08002451   Thumb Code    82  w25qxx.o(i.W25QXX_Read)
    W25QXX_ReadSR                            0x080024a9   Thumb Code    42  w25qxx.o(i.W25QXX_ReadSR)
    W25QXX_ReadWriteByte                     0x080024d9   Thumb Code   104  w25qxx.o(i.W25QXX_ReadWriteByte)
    W25QXX_Wait_Busy                         0x08002545   Thumb Code    18  w25qxx.o(i.W25QXX_Wait_Busy)
    W25QXX_Write_Enable                      0x08002559   Thumb Code    30  w25qxx.o(i.W25QXX_Write_Enable)
    W25QXX_Write_Page                        0x0800257d   Thumb Code    88  w25qxx.o(i.W25QXX_Write_Page)
    __0printf$3                              0x080025d9   Thumb Code    22  printf3.o(i.__0printf$3)
    __1printf$3                              0x080025d9   Thumb Code     0  printf3.o(i.__0printf$3)
    __2printf                                0x080025d9   Thumb Code     0  printf3.o(i.__0printf$3)
    __0sprintf$3                             0x080025f9   Thumb Code    34  printf3.o(i.__0sprintf$3)
    __1sprintf$3                             0x080025f9   Thumb Code     0  printf3.o(i.__0sprintf$3)
    __2sprintf                               0x080025f9   Thumb Code     0  printf3.o(i.__0sprintf$3)
    __aeabi_errno_addr                       0x08002621   Thumb Code     4  errno.o(i.__aeabi_errno_addr)
    __rt_errno_addr                          0x08002621   Thumb Code     0  errno.o(i.__aeabi_errno_addr)
    __scatterload_copy                       0x08002629   Thumb Code    14  handlers.o(i.__scatterload_copy)
    __scatterload_null                       0x08002637   Thumb Code     2  handlers.o(i.__scatterload_null)
    __scatterload_zeroinit                   0x08002639   Thumb Code    14  handlers.o(i.__scatterload_zeroinit)
    delay_init                               0x0800280d   Thumb Code    30  delay.o(i.delay_init)
    delay_ms                                 0x08002831   Thumb Code    26  delay.o(i.delay_ms)
    delay_us                                 0x0800284d   Thumb Code    72  delay.o(i.delay_us)
    dht11_init                               0x08002899   Thumb Code    12  dht11.o(i.dht11_init)
    fputc                                    0x080028a5   Thumb Code    32  printf.o(i.fputc)
    main                                     0x080028c9   Thumb Code   612  main.o(i.main)
    F6x8                                     0x08002bc4   Data         552  oled.o(.constdata)
    F8X16                                    0x08002dec   Data        1520  oled.o(.constdata)
    __ctype_table                            0x080033dc   Data         129  ctype_o.o(.constdata)
    Region$$Table$$Base                      0x08003464   Number         0  anon$$obj.o(Region$$Table)
    Region$$Table$$Limit                     0x08003484   Number         0  anon$$obj.o(Region$$Table)
    prev_alarm_state                         0x20000000   Data           1  main.o(.data)
    millis_tick                              0x20000004   Data           4  main.o(.data)
    sys_data                                 0x20000008   Data          18  sys_data.o(.data)
    timer_100ms_cnt                          0x2000001c   Data           4  tim.o(.data)
    log_current_addr                         0x20000028   Data           4  log.o(.data)
    esp_rx_index                             0x2000002c   Data           2  esp8266.o(.data)
    esp_cmd_complete                         0x2000002e   Data           1  esp8266.o(.data)
    esp_error                                0x2000002f   Data           1  esp8266.o(.data)
    usart1_rx_cnt                            0x20000032   Data           2  usart1.o(.data)
    usart1_rx_complete                       0x20000034   Data           1  usart1.o(.data)
    SystemCoreClock                          0x2000004c   Data           4  system_stm32f10x.o(.data)
    AHBPrescTable                            0x20000050   Data          16  system_stm32f10x.o(.data)
    __stdout                                 0x20000060   Data           4  stdout.o(.data)
    esp_rx_buffer                            0x20000068   Data         128  esp8266.o(.bss)
    usart1_rx_buf                            0x200000e8   Data          64  usart1.o(.bss)
    __initial_sp                             0x20000528   Data           0  startup_stm32f10x_md.o(STACK)



==============================================================================

Memory Map of the image

  Image Entry point : 0x080000ed

  Load Region LR_IROM1 (Base: 0x08000000, Size: 0x000034ec, Max: 0x00010000, ABSOLUTE)

    Execution Region ER_IROM1 (Exec base: 0x08000000, Load base: 0x08000000, Size: 0x00003484, Max: 0x00010000, ABSOLUTE)

    Exec Addr    Load Addr    Size         Type   Attr      Idx    E Section Name        Object

    0x08000000   0x08000000   0x000000ec   Data   RO         2882    RESET               startup_stm32f10x_md.o
    0x080000ec   0x080000ec   0x00000000   Code   RO         2933  * .ARM.Collect$$$$00000000  mc_w.l(entry.o)
    0x080000ec   0x080000ec   0x00000004   Code   RO         3213    .ARM.Collect$$$$00000001  mc_w.l(entry2.o)
    0x080000f0   0x080000f0   0x00000004   Code   RO         3216    .ARM.Collect$$$$00000004  mc_w.l(entry5.o)
    0x080000f4   0x080000f4   0x00000000   Code   RO         3218    .ARM.Collect$$$$00000008  mc_w.l(entry7b.o)
    0x080000f4   0x080000f4   0x00000000   Code   RO         3220    .ARM.Collect$$$$0000000A  mc_w.l(entry8b.o)
    0x080000f4   0x080000f4   0x00000008   Code   RO         3221    .ARM.Collect$$$$0000000B  mc_w.l(entry9a.o)
    0x080000fc   0x080000fc   0x00000000   Code   RO         3223    .ARM.Collect$$$$0000000D  mc_w.l(entry10a.o)
    0x080000fc   0x080000fc   0x00000000   Code   RO         3225    .ARM.Collect$$$$0000000F  mc_w.l(entry11a.o)
    0x080000fc   0x080000fc   0x00000004   Code   RO         3214    .ARM.Collect$$$$00002712  mc_w.l(entry2.o)
    0x08000100   0x08000100   0x00000024   Code   RO         2883    .text               startup_stm32f10x_md.o
    0x08000124   0x08000124   0x00000024   Code   RO         2936    .text               mc_w.l(memcpya.o)
    0x08000148   0x08000148   0x00000024   Code   RO         2938    .text               mc_w.l(memseta.o)
    0x0800016c   0x0800016c   0x00000024   Code   RO         2940    .text               mc_w.l(strstr.o)
    0x08000190   0x08000190   0x00000018   Code   RO         2942    .text               mc_w.l(strncpy.o)
    0x080001a8   0x080001a8   0x00000014   Code   RO         2944    .text               mc_w.l(strchr.o)
    0x080001bc   0x080001bc   0x0000000e   Code   RO         2946    .text               mc_w.l(strlen.o)
    0x080001ca   0x080001ca   0x0000001a   Code   RO         3211    .text               mc_w.l(atoi.o)
    0x080001e4   0x080001e4   0x0000002c   Code   RO         3228    .text               mc_w.l(uidiv.o)
    0x08000210   0x08000210   0x00000070   Code   RO         3239    .text               mc_w.l(strtol.o)
    0x08000280   0x08000280   0x00000024   Code   RO         3252    .text               mc_w.l(init.o)
    0x080002a4   0x080002a4   0x00000008   Code   RO         3260    .text               mc_w.l(ctype_o.o)
    0x080002ac   0x080002ac   0x0000009e   Code   RO         3288    .text               mc_w.l(_strtoul.o)
    0x0800034a   0x0800034a   0x0000001c   Code   RO         3292    .text               mc_w.l(_chval.o)
    0x08000366   0x08000366   0x00000002   PAD
    0x08000368   0x08000368   0x0000009c   Code   RO          611    i.ADC1_Init         adc_ldr.o
    0x08000404   0x08000404   0x00000034   Code   RO          612    i.ADC1_Read         adc_ldr.o
    0x08000438   0x08000438   0x00000006   Code   RO         1125    i.ADC_ClearFlag     stm32f10x_adc.o
    0x0800043e   0x0800043e   0x00000016   Code   RO         1127    i.ADC_Cmd           stm32f10x_adc.o
    0x08000454   0x08000454   0x00000014   Code   RO         1135    i.ADC_GetCalibrationStatus  stm32f10x_adc.o
    0x08000468   0x08000468   0x00000008   Code   RO         1136    i.ADC_GetConversionValue  stm32f10x_adc.o
    0x08000470   0x08000470   0x00000012   Code   RO         1138    i.ADC_GetFlagStatus  stm32f10x_adc.o
    0x08000482   0x08000482   0x0000001a   Code   RO          613    i.ADC_GetLight      adc_ldr.o
    0x0800049c   0x0800049c   0x00000014   Code   RO         1141    i.ADC_GetResetCalibrationStatus  stm32f10x_adc.o
    0x080004b0   0x080004b0   0x00000050   Code   RO         1145    i.ADC_Init          stm32f10x_adc.o
    0x08000500   0x08000500   0x000000b8   Code   RO         1149    i.ADC_RegularChannelConfig  stm32f10x_adc.o
    0x080005b8   0x080005b8   0x0000000a   Code   RO         1150    i.ADC_ResetCalibration  stm32f10x_adc.o
    0x080005c2   0x080005c2   0x00000016   Code   RO         1152    i.ADC_SoftwareStartConvCmd  stm32f10x_adc.o
    0x080005d8   0x080005d8   0x0000000a   Code   RO         1154    i.ADC_StartCalibration  stm32f10x_adc.o
    0x080005e2   0x080005e2   0x00000002   PAD
    0x080005e4   0x080005e4   0x000000e4   Code   RO          341    i.Alarm_Check       alarm.o
    0x080006c8   0x080006c8   0x00000024   Code   RO          342    i.Alarm_RemoteOff   alarm.o
    0x080006ec   0x080006ec   0x00000084   Code   RO          797    i.BEEP_Alarm_Control  beep.o
    0x08000770   0x08000770   0x000000b8   Code   RO          798    i.BEEP_Init         beep.o
    0x08000828   0x08000828   0x00000050   Code   RO          542    i.DHT11_IsACK       dht11.o
    0x08000878   0x08000878   0x00000024   Code   RO          543    i.DHT11_PinInputModeConfig  dht11.o
    0x0800089c   0x0800089c   0x00000024   Code   RO          544    i.DHT11_PinOutputModeConfig  dht11.o
    0x080008c0   0x080008c0   0x0000003c   Code   RO          545    i.DHT11_ReadBit     dht11.o
    0x080008fc   0x080008fc   0x0000001e   Code   RO          546    i.DHT11_ReadByte    dht11.o
    0x0800091a   0x0800091a   0x00000060   Code   RO          547    i.DHT11_ReadData    dht11.o
    0x0800097a   0x0800097a   0x00000002   PAD
    0x0800097c   0x0800097c   0x00000028   Code   RO          548    i.DHT11_SendStart   dht11.o
    0x080009a4   0x080009a4   0x000000b4   Code   RO          424    i.ESP_ConnectServer  esp8266.o
    0x08000a58   0x08000a58   0x000000ac   Code   RO          425    i.ESP_ConnectWiFi   esp8266.o
    0x08000b04   0x08000b04   0x00000084   Code   RO          426    i.ESP_ProcessReceivedData  esp8266.o
    0x08000b88   0x08000b88   0x0000014c   Code   RO          427    i.ESP_ProcessTCPCommand  esp8266.o
    0x08000cd4   0x08000cd4   0x00000044   Code   RO          428    i.ESP_SendCommand   esp8266.o
    0x08000d18   0x08000d18   0x00000088   Code   RO          429    i.ESP_SendData      esp8266.o
    0x08000da0   0x08000da0   0x0000005c   Code   RO          431    i.ESP_WaitResponse  esp8266.o
    0x08000dfc   0x08000dfc   0x00000116   Code   RO         1427    i.GPIO_Init         stm32f10x_gpio.o
    0x08000f12   0x08000f12   0x00000002   PAD
    0x08000f14   0x08000f14   0x00000090   Code   RO         1429    i.GPIO_PinRemapConfig  stm32f10x_gpio.o
    0x08000fa4   0x08000fa4   0x00000012   Code   RO         1431    i.GPIO_ReadInputDataBit  stm32f10x_gpio.o
    0x08000fb6   0x08000fb6   0x00000004   Code   RO         1434    i.GPIO_ResetBits    stm32f10x_gpio.o
    0x08000fba   0x08000fba   0x00000004   Code   RO         1435    i.GPIO_SetBits      stm32f10x_gpio.o
    0x08000fbe   0x08000fbe   0x0000000a   Code   RO         1438    i.GPIO_WriteBit     stm32f10x_gpio.o
    0x08000fc8   0x08000fc8   0x00000060   Code   RO          764    i.LED_Alarm_Control  led_rgb.o
    0x08001028   0x08001028   0x00000048   Code   RO          765    i.LED_RGB_Init      led_rgb.o
    0x08001070   0x08001070   0x00000056   Code   RO          376    i.Log_Read          log.o
    0x080010c6   0x080010c6   0x00000002   PAD
    0x080010c8   0x080010c8   0x00000080   Code   RO          377    i.Log_Save          log.o
    0x08001148   0x08001148   0x00000058   Code   RO          378    i.Log_TriggerSave   log.o
    0x080011a0   0x080011a0   0x00000070   Code   RO         1073    i.NVIC_Init         misc.o
    0x08001210   0x08001210   0x0000002a   Code   RO          647    i.OLED_Clear        oled.o
    0x0800123a   0x0800123a   0x0000004e   Code   RO          648    i.OLED_Clear_Area   oled.o
    0x08001288   0x08001288   0x0000004c   Code   RO          649    i.OLED_I2C_Init     oled.o
    0x080012d4   0x080012d4   0x00000050   Code   RO          650    i.OLED_I2C_SendByte  oled.o
    0x08001324   0x08001324   0x00000030   Code   RO          651    i.OLED_I2C_Start    oled.o
    0x08001354   0x08001354   0x00000028   Code   RO          652    i.OLED_I2C_Stop     oled.o
    0x0800137c   0x0800137c   0x0000004a   Code   RO          653    i.OLED_Init         oled.o
    0x080013c6   0x080013c6   0x00000022   Code   RO          654    i.OLED_SetCursor    oled.o
    0x080013e8   0x080013e8   0x00000050   Code   RO          655    i.OLED_ShowChar     oled.o
    0x08001438   0x08001438   0x00000070   Code   RO          656    i.OLED_ShowChar_8x16  oled.o
    0x080014a8   0x080014a8   0x000000da   Code   RO          658    i.OLED_ShowNum_size  oled.o
    0x08001582   0x08001582   0x00000040   Code   RO          659    i.OLED_ShowString   oled.o
    0x080015c2   0x080015c2   0x00000020   Code   RO          660    i.OLED_WriteCommand  oled.o
    0x080015e2   0x080015e2   0x00000020   Code   RO          661    i.OLED_WriteData    oled.o
    0x08001602   0x08001602   0x00000002   PAD
    0x08001604   0x08001604   0x00000018   Code   RO         1763    i.RCC_ADCCLKConfig  stm32f10x_rcc.o
    0x0800161c   0x0800161c   0x00000020   Code   RO         1765    i.RCC_APB1PeriphClockCmd  stm32f10x_rcc.o
    0x0800163c   0x0800163c   0x00000020   Code   RO         1767    i.RCC_APB2PeriphClockCmd  stm32f10x_rcc.o
    0x0800165c   0x0800165c   0x000000d4   Code   RO         1775    i.RCC_GetClocksFreq  stm32f10x_rcc.o
    0x08001730   0x08001730   0x0000002c   Code   RO          838    i.Servo_Link_Alarm  servo.o
    0x0800175c   0x0800175c   0x00000034   Code   RO          839    i.Servo_SetAngle    servo.o
    0x08001790   0x08001790   0x000000a0   Code   RO          840    i.Servo_init        servo.o
    0x08001830   0x08001830   0x00000008   Code   RO         2890    i.SetSysClock       system_stm32f10x.o
    0x08001838   0x08001838   0x000000e0   Code   RO         2891    i.SetSysClockTo72   system_stm32f10x.o
    0x08001918   0x08001918   0x00000028   Code   RO         1077    i.SysTick_CLKSourceConfig  misc.o
    0x08001940   0x08001940   0x00000010   Code   RO            4    i.SysTick_Handler   main.o
    0x08001950   0x08001950   0x000000a4   Code   RO         2892    i.SystemCoreClockUpdate  system_stm32f10x.o
    0x080019f4   0x080019f4   0x00000060   Code   RO         2893    i.SystemInit        system_stm32f10x.o
    0x08001a54   0x08001a54   0x0000001c   Code   RO          433    i.System_Init       esp8266.o
    0x08001a70   0x08001a70   0x00000078   Code   RO          301    i.TIM3_IRQHandler   tim.o
    0x08001ae8   0x08001ae8   0x00000064   Code   RO          302    i.TIM3_Init         tim.o
    0x08001b4c   0x08001b4c   0x00000018   Code   RO         2135    i.TIM_ARRPreloadConfig  stm32f10x_tim.o
    0x08001b64   0x08001b64   0x00000006   Code   RO         2141    i.TIM_ClearFlag     stm32f10x_tim.o
    0x08001b6a   0x08001b6a   0x00000006   Code   RO         2142    i.TIM_ClearITPendingBit  stm32f10x_tim.o
    0x08001b70   0x08001b70   0x00000018   Code   RO         2147    i.TIM_Cmd           stm32f10x_tim.o
    0x08001b88   0x08001b88   0x0000001e   Code   RO         2149    i.TIM_CtrlPWMOutputs  stm32f10x_tim.o
    0x08001ba6   0x08001ba6   0x00000022   Code   RO         2168    i.TIM_GetITStatus   stm32f10x_tim.o
    0x08001bc8   0x08001bc8   0x00000012   Code   RO         2172    i.TIM_ITConfig      stm32f10x_tim.o
    0x08001bda   0x08001bda   0x00000002   PAD
    0x08001bdc   0x08001bdc   0x00000098   Code   RO         2176    i.TIM_OC1Init       stm32f10x_tim.o
    0x08001c74   0x08001c74   0x00000012   Code   RO         2179    i.TIM_OC1PreloadConfig  stm32f10x_tim.o
    0x08001c86   0x08001c86   0x00000002   PAD
    0x08001c88   0x08001c88   0x000000a4   Code   RO         2181    i.TIM_OC2Init       stm32f10x_tim.o
    0x08001d2c   0x08001d2c   0x0000001a   Code   RO         2184    i.TIM_OC2PreloadConfig  stm32f10x_tim.o
    0x08001d46   0x08001d46   0x00000004   Code   RO         2209    i.TIM_SetCompare2   stm32f10x_tim.o
    0x08001d4a   0x08001d4a   0x00000002   PAD
    0x08001d4c   0x08001d4c   0x000000a4   Code   RO         2218    i.TIM_TimeBaseInit  stm32f10x_tim.o
    0x08001df0   0x08001df0   0x00000070   Code   RO          997    i.USART1_IRQHandler  usart1.o
    0x08001e60   0x08001e60   0x00000194   Code   RO          999    i.USART1_ParseCmd   usart1.o
    0x08001ff4   0x08001ff4   0x00000020   Code   RO         1000    i.USART1_SendByte   usart1.o
    0x08002014   0x08002014   0x00000016   Code   RO         1002    i.USART1_SendString  usart1.o
    0x0800202a   0x0800202a   0x00000002   PAD
    0x0800202c   0x0800202c   0x00000090   Code   RO          434    i.USART2_IRQHandler  esp8266.o
    0x080020bc   0x080020bc   0x00000012   Code   RO         2691    i.USART_ClearFlag   stm32f10x_usart.o
    0x080020ce   0x080020ce   0x0000001e   Code   RO         2692    i.USART_ClearITPendingBit  stm32f10x_usart.o
    0x080020ec   0x080020ec   0x00000018   Code   RO         2695    i.USART_Cmd         stm32f10x_usart.o
    0x08002104   0x08002104   0x0000001a   Code   RO         2698    i.USART_GetFlagStatus  stm32f10x_usart.o
    0x0800211e   0x0800211e   0x00000054   Code   RO         2699    i.USART_GetITStatus  stm32f10x_usart.o
    0x08002172   0x08002172   0x0000004a   Code   RO         2701    i.USART_ITConfig    stm32f10x_usart.o
    0x080021bc   0x080021bc   0x000000d8   Code   RO         2702    i.USART_Init        stm32f10x_usart.o
    0x08002294   0x08002294   0x00000094   Code   RO          435    i.USART_MyInit      esp8266.o
    0x08002328   0x08002328   0x0000000a   Code   RO         2709    i.USART_ReceiveData  stm32f10x_usart.o
    0x08002332   0x08002332   0x00000008   Code   RO         2712    i.USART_SendData    stm32f10x_usart.o
    0x0800233a   0x0800233a   0x00000028   Code   RO          436    i.USART_SendString  esp8266.o
    0x08002362   0x08002362   0x00000002   PAD
    0x08002364   0x08002364   0x00000048   Code   RO          878    i.W25QXX_Erase_Sector  w25qxx.o
    0x080023ac   0x080023ac   0x000000a4   Code   RO          879    i.W25QXX_Init       w25qxx.o
    0x08002450   0x08002450   0x00000058   Code   RO          881    i.W25QXX_Read       w25qxx.o
    0x080024a8   0x080024a8   0x00000030   Code   RO          883    i.W25QXX_ReadSR     w25qxx.o
    0x080024d8   0x080024d8   0x0000006c   Code   RO          884    i.W25QXX_ReadWriteByte  w25qxx.o
    0x08002544   0x08002544   0x00000012   Code   RO          886    i.W25QXX_Wait_Busy  w25qxx.o
    0x08002556   0x08002556   0x00000002   PAD
    0x08002558   0x08002558   0x00000024   Code   RO          889    i.W25QXX_Write_Enable  w25qxx.o
    0x0800257c   0x0800257c   0x0000005c   Code   RO          891    i.W25QXX_Write_Page  w25qxx.o
    0x080025d8   0x080025d8   0x00000020   Code   RO         3039    i.__0printf$3       mc_w.l(printf3.o)
    0x080025f8   0x080025f8   0x00000028   Code   RO         3041    i.__0sprintf$3      mc_w.l(printf3.o)
    0x08002620   0x08002620   0x00000008   Code   RO         3232    i.__aeabi_errno_addr  mc_w.l(errno.o)
    0x08002628   0x08002628   0x0000000e   Code   RO         3296    i.__scatterload_copy  mc_w.l(handlers.o)
    0x08002636   0x08002636   0x00000002   Code   RO         3297    i.__scatterload_null  mc_w.l(handlers.o)
    0x08002638   0x08002638   0x0000000e   Code   RO         3298    i.__scatterload_zeroinit  mc_w.l(handlers.o)
    0x08002646   0x08002646   0x00000002   PAD
    0x08002648   0x08002648   0x000001b8   Code   RO         3046    i._printf_core      mc_w.l(printf3.o)
    0x08002800   0x08002800   0x0000000a   Code   RO         3048    i._sputc            mc_w.l(printf3.o)
    0x0800280a   0x0800280a   0x00000002   PAD
    0x0800280c   0x0800280c   0x00000024   Code   RO          223    i.delay_init        delay.o
    0x08002830   0x08002830   0x0000001a   Code   RO          224    i.delay_ms          delay.o
    0x0800284a   0x0800284a   0x00000002   PAD
    0x0800284c   0x0800284c   0x0000004c   Code   RO          225    i.delay_us          delay.o
    0x08002898   0x08002898   0x0000000c   Code   RO          549    i.dht11_init        dht11.o
    0x080028a4   0x080028a4   0x00000024   Code   RO          264    i.fputc             printf.o
    0x080028c8   0x080028c8   0x000002fc   Code   RO            5    i.main              main.o
    0x08002bc4   0x08002bc4   0x00000818   Data   RO          662    .constdata          oled.o
    0x080033dc   0x080033dc   0x00000081   Data   RO         3261    .constdata          mc_w.l(ctype_o.o)
    0x0800345d   0x0800345d   0x00000003   PAD
    0x08003460   0x08003460   0x00000004   Data   RO         3262    .constdata          mc_w.l(ctype_o.o)
    0x08003464   0x08003464   0x00000020   Data   RO         3294    Region$$Table       anon$$obj.o


    Execution Region RW_IRAM1 (Exec base: 0x20000000, Load base: 0x08003484, Size: 0x00000528, Max: 0x00005000, ABSOLUTE)

    Exec Addr    Load Addr    Size         Type   Attr      Idx    E Section Name        Object

    0x20000000   0x08003484   0x00000008   Data   RW            6    .data               main.o
    0x20000008   0x0800348c   0x00000012   Data   RW          199    .data               sys_data.o
    0x2000001a   0x0800349e   0x00000001   Data   RW          226    .data               delay.o
    0x2000001b   0x0800349f   0x00000001   PAD
    0x2000001c   0x080034a0   0x00000006   Data   RW          303    .data               tim.o
    0x20000022   0x080034a6   0x00000003   Data   RW          343    .data               alarm.o
    0x20000025   0x080034a9   0x00000003   PAD
    0x20000028   0x080034ac   0x00000004   Data   RW          379    .data               log.o
    0x2000002c   0x080034b0   0x00000004   Data   RW          438    .data               esp8266.o
    0x20000030   0x080034b4   0x00000001   Data   RW          800    .data               beep.o
    0x20000031   0x080034b5   0x00000001   PAD
    0x20000032   0x080034b6   0x00000003   Data   RW         1004    .data               usart1.o
    0x20000035   0x080034b9   0x00000014   Data   RW         1795    .data               stm32f10x_rcc.o
    0x20000049   0x080034cd   0x00000003   PAD
    0x2000004c   0x080034d0   0x00000014   Data   RW         2894    .data               system_stm32f10x.o
    0x20000060   0x080034e4   0x00000004   Data   RW         3227    .data               mc_w.l(stdout.o)
    0x20000064   0x080034e8   0x00000004   Data   RW         3235    .data               mc_w.l(errno.o)
    0x20000068        -       0x00000080   Zero   RW          437    .bss                esp8266.o
    0x200000e8        -       0x00000040   Zero   RW         1003    .bss                usart1.o
    0x20000128        -       0x00000400   Zero   RW         2880    STACK               startup_stm32f10x_md.o


==============================================================================

Image component sizes


      Code (inc. data)   RO Data    RW Data    ZI Data      Debug   Object Name

       234         22          0          0          0       1699   adc_ldr.o
       264         34          0          3          0       1424   alarm.o
       316         22          0          1          0       1461   beep.o
       138         10          0          1          0       1815   delay.o
       390         28          0          0          0       5210   dht11.o
      1472        336          0          4        128       8636   esp8266.o
       168         20          0          0          0       1087   led_rgb.o
       302         16          0          4          0       2845   log.o
       780        156          0          8          0     291410   main.o
       152         12          0          0          0       1758   misc.o
      1010         30       2072          0          0       9685   oled.o
        36          4          0          0          0       2280   printf.o
       256         14          0          0          0       1789   servo.o
        36          8        236          0       1024        864   startup_stm32f10x_md.o
       400         10          0          0          0       8953   stm32f10x_adc.o
       458          6          0          0          0       5358   stm32f10x_gpio.o
       300         38          0         20          0       5217   stm32f10x_rcc.o
       670         72          0          0          0       8790   stm32f10x_tim.o
       490          6          0          0          0       7709   stm32f10x_usart.o
         0          0          0         18          0       1615   sys_data.o
       492         50          0         20          0       3317   system_stm32f10x.o
       220         24          0          6          0       2343   tim.o
       570        188          0          3         64       3886   usart1.o
       626         36          0          0          0       5358   w25qxx.o

    ----------------------------------------------------------------------
      9804       1142       2340         96       1216     384509   Object Totals
         0          0         32          0          0          0   (incl. Generated)
        24          0          0          8          0          0   (incl. Padding)

    ----------------------------------------------------------------------

      Code (inc. data)   RO Data    RW Data    ZI Data      Debug   Library Member Name

        28          0          0          0          0         68   _chval.o
       158          0          0          0          0         92   _strtoul.o
        26          0          0          0          0         80   atoi.o
         8          4        133          0          0         68   ctype_o.o
         0          0          0          0          0          0   entry.o
         0          0          0          0          0          0   entry10a.o
         0          0          0          0          0          0   entry11a.o
         8          4          0          0          0          0   entry2.o
         4          0          0          0          0          0   entry5.o
         0          0          0          0          0          0   entry7b.o
         0          0          0          0          0          0   entry8b.o
         8          4          0          0          0          0   entry9a.o
         8          4          0          4          0         68   errno.o
        30          0          0          0          0          0   handlers.o
        36          8          0          0          0         68   init.o
        36          0          0          0          0         68   memcpya.o
        36          0          0          0          0        108   memseta.o
       522         20          0          0          0        336   printf3.o
         0          0          0          4          0          0   stdout.o
        20          0          0          0          0         68   strchr.o
        14          0          0          0          0         68   strlen.o
        24          0          0          0          0         76   strncpy.o
        36          0          0          0          0         80   strstr.o
       112          0          0          0          0         88   strtol.o
        44          0          0          0          0         80   uidiv.o

    ----------------------------------------------------------------------
      1164         44        136          8          0       1416   Library Totals
         6          0          3          0          0          0   (incl. Padding)

    ----------------------------------------------------------------------

      Code (inc. data)   RO Data    RW Data    ZI Data      Debug   Library Name

      1158         44        133          8          0       1416   mc_w.l

    ----------------------------------------------------------------------
      1164         44        136          8          0       1416   Library Totals

    ----------------------------------------------------------------------

==============================================================================


      Code (inc. data)   RO Data    RW Data    ZI Data      Debug   

     10968       1186       2476        104       1216     379421   Grand Totals
     10968       1186       2476        104       1216     379421   ELF Image Totals
     10968       1186       2476        104          0          0   ROM Totals

==============================================================================

    Total RO  Size (Code + RO Data)                13444 (  13.13kB)
    Total RW  Size (RW Data + ZI Data)              1320 (   1.29kB)
    Total ROM Size (Code + RO Data + RW Data)      13548 (  13.23kB)

==============================================================================

